Archive member included to satisfy reference by file (symbol)

C:/ST/STM32CubeIDE_1.13.2/STM32CubeIDE/plugins/com.st.stm32cube.ide.mcu.externaltools.gnu-tools-for-stm32.11.3.rel1.win32_1.1.1.202309131626/tools/bin/../lib/gcc/arm-none-eabi/11.3.1/../../../../arm-none-eabi/lib/thumb/v7e-m+dp/hard\libc_nano.a(libc_a-atof.o)
                              ./Core/Src/freertos.o (atof)
C:/ST/STM32CubeIDE_1.13.2/STM32CubeIDE/plugins/com.st.stm32cube.ide.mcu.externaltools.gnu-tools-for-stm32.11.3.rel1.win32_1.1.1.202309131626/tools/bin/../lib/gcc/arm-none-eabi/11.3.1/../../../../arm-none-eabi/lib/thumb/v7e-m+dp/hard\libc_nano.a(libc_a-atoi.o)
                              ./Core/Src/ESP_UART_Config.o (atoi)
C:/ST/STM32CubeIDE_1.13.2/STM32CubeIDE/plugins/com.st.stm32cube.ide.mcu.externaltools.gnu-tools-for-stm32.11.3.rel1.win32_1.1.1.202309131626/tools/bin/../lib/gcc/arm-none-eabi/11.3.1/../../../../arm-none-eabi/lib/thumb/v7e-m+dp/hard\libc_nano.a(libc_a-exit.o)
                              C:/ST/STM32CubeIDE_1.13.2/STM32CubeIDE/plugins/com.st.stm32cube.ide.mcu.externaltools.gnu-tools-for-stm32.11.3.rel1.win32_1.1.1.202309131626/tools/bin/../lib/gcc/arm-none-eabi/11.3.1/../../../../arm-none-eabi/lib/thumb/v7e-m+dp/hard/crt0.o (exit)
C:/ST/STM32CubeIDE_1.13.2/STM32CubeIDE/plugins/com.st.stm32cube.ide.mcu.externaltools.gnu-tools-for-stm32.11.3.rel1.win32_1.1.1.202309131626/tools/bin/../lib/gcc/arm-none-eabi/11.3.1/../../../../arm-none-eabi/lib/thumb/v7e-m+dp/hard\libc_nano.a(libc_a-strtod.o)
                              C:/ST/STM32CubeIDE_1.13.2/STM32CubeIDE/plugins/com.st.stm32cube.ide.mcu.externaltools.gnu-tools-for-stm32.11.3.rel1.win32_1.1.1.202309131626/tools/bin/../lib/gcc/arm-none-eabi/11.3.1/../../../../arm-none-eabi/lib/thumb/v7e-m+dp/hard\libc_nano.a(libc_a-atof.o) (strtod)
C:/ST/STM32CubeIDE_1.13.2/STM32CubeIDE/plugins/com.st.stm32cube.ide.mcu.externaltools.gnu-tools-for-stm32.11.3.rel1.win32_1.1.1.202309131626/tools/bin/../lib/gcc/arm-none-eabi/11.3.1/../../../../arm-none-eabi/lib/thumb/v7e-m+dp/hard\libc_nano.a(libc_a-strtol.o)
                              C:/ST/STM32CubeIDE_1.13.2/STM32CubeIDE/plugins/com.st.stm32cube.ide.mcu.externaltools.gnu-tools-for-stm32.11.3.rel1.win32_1.1.1.202309131626/tools/bin/../lib/gcc/arm-none-eabi/11.3.1/../../../../arm-none-eabi/lib/thumb/v7e-m+dp/hard\libc_nano.a(libc_a-atoi.o) (_strtol_r)
C:/ST/STM32CubeIDE_1.13.2/STM32CubeIDE/plugins/com.st.stm32cube.ide.mcu.externaltools.gnu-tools-for-stm32.11.3.rel1.win32_1.1.1.202309131626/tools/bin/../lib/gcc/arm-none-eabi/11.3.1/../../../../arm-none-eabi/lib/thumb/v7e-m+dp/hard\libc_nano.a(libc_a-ctype_.o)
                              C:/ST/STM32CubeIDE_1.13.2/STM32CubeIDE/plugins/com.st.stm32cube.ide.mcu.externaltools.gnu-tools-for-stm32.11.3.rel1.win32_1.1.1.202309131626/tools/bin/../lib/gcc/arm-none-eabi/11.3.1/../../../../arm-none-eabi/lib/thumb/v7e-m+dp/hard\libc_nano.a(libc_a-strtol.o) (_ctype_)
C:/ST/STM32CubeIDE_1.13.2/STM32CubeIDE/plugins/com.st.stm32cube.ide.mcu.externaltools.gnu-tools-for-stm32.11.3.rel1.win32_1.1.1.202309131626/tools/bin/../lib/gcc/arm-none-eabi/11.3.1/../../../../arm-none-eabi/lib/thumb/v7e-m+dp/hard\libc_nano.a(libc_a-findfp.o)
                              ./Middlewares/Third_Party/FreeRTOS/Source/tasks.o (__sf)
C:/ST/STM32CubeIDE_1.13.2/STM32CubeIDE/plugins/com.st.stm32cube.ide.mcu.externaltools.gnu-tools-for-stm32.11.3.rel1.win32_1.1.1.202309131626/tools/bin/../lib/gcc/arm-none-eabi/11.3.1/../../../../arm-none-eabi/lib/thumb/v7e-m+dp/hard\libc_nano.a(libc_a-fwalk.o)
                              C:/ST/STM32CubeIDE_1.13.2/STM32CubeIDE/plugins/com.st.stm32cube.ide.mcu.externaltools.gnu-tools-for-stm32.11.3.rel1.win32_1.1.1.202309131626/tools/bin/../lib/gcc/arm-none-eabi/11.3.1/../../../../arm-none-eabi/lib/thumb/v7e-m+dp/hard\libc_nano.a(libc_a-findfp.o) (_fwalk_sglue)
C:/ST/STM32CubeIDE_1.13.2/STM32CubeIDE/plugins/com.st.stm32cube.ide.mcu.externaltools.gnu-tools-for-stm32.11.3.rel1.win32_1.1.1.202309131626/tools/bin/../lib/gcc/arm-none-eabi/11.3.1/../../../../arm-none-eabi/lib/thumb/v7e-m+dp/hard\libc_nano.a(libc_a-printf.o)
                              ./Core/Src/external_flash.o (printf)
C:/ST/STM32CubeIDE_1.13.2/STM32CubeIDE/plugins/com.st.stm32cube.ide.mcu.externaltools.gnu-tools-for-stm32.11.3.rel1.win32_1.1.1.202309131626/tools/bin/../lib/gcc/arm-none-eabi/11.3.1/../../../../arm-none-eabi/lib/thumb/v7e-m+dp/hard\libc_nano.a(libc_a-putchar.o)
                              ./Core/Src/external_flash.o (putchar)
C:/ST/STM32CubeIDE_1.13.2/STM32CubeIDE/plugins/com.st.stm32cube.ide.mcu.externaltools.gnu-tools-for-stm32.11.3.rel1.win32_1.1.1.202309131626/tools/bin/../lib/gcc/arm-none-eabi/11.3.1/../../../../arm-none-eabi/lib/thumb/v7e-m+dp/hard\libc_nano.a(libc_a-puts.o)
                              ./Core/Src/external_flash.o (puts)
[...]
Memory Configuration

Name             Origin             Length             Attributes
FLASH            0x0000000008000000 0x0000000000020000 xr
DTCMRAM          0x0000000020000000 0x0000000000020000 xrw
RAM_D1           0x0000000024000000 0x0000000000080000 xrw
RAM_D2           0x0000000030000000 0x0000000000048000 xrw
RAM_D3           0x0000000038000000 0x0000000000010000 xrw
ITCMRAM          0x0000000000000000 0x0000000000010000 xrw
*default*        0x0000000000000000 0xffffffffffffffff

Linker script and memory map

LOAD C:/ST/STM32CubeIDE_1.13.2/STM32CubeIDE/plugins/com.st.stm32cube.ide.mcu.externaltools.gnu-tools-for-stm32.11.3.rel1.win32_1.1.1.202309131626/tools/bin/../lib/gcc/arm-none-eabi/11.3.1/thumb/v7e-m+dp/hard/crti.o
LOAD C:/ST/STM32CubeIDE_1.13.2/STM32CubeIDE/plugins/com.st.stm32cube.ide.mcu.externaltools.gnu-tools-for-stm32.11.3.rel1.win32_1.1.1.202309131626/tools/bin/../lib/gcc/arm-none-eabi/11.3.1/thumb/v7e-m+dp/hard/crtbegin.o
LOAD C:/ST/STM32CubeIDE_1.13.2/STM32CubeIDE/plugins/com.st.stm32cube.ide.mcu.externaltools.gnu-tools-for-stm32.11.3.rel1.win32_1.1.1.202309131626/tools/bin/../lib/gcc/arm-none-eabi/11.3.1/../../../../arm-none-eabi/lib/thumb/v7e-m+dp/hard/crt0.o
LOAD ./Core/Src/ESP_UART_Config.o
LOAD ./Core/Src/Modbus.o
LOAD ./Core/Src/UARTCallback.o
LOAD ./Core/Src/VFD.o
LOAD ./Core/Src/adc.o
LOAD ./Core/Src/backup_resgisters_operations.o
LOAD ./Core/Src/dma.o
LOAD ./Core/Src/external_flash.o
LOAD ./Core/Src/freertos.o
LOAD ./Core/Src/gpio.o
LOAD ./Core/Src/main.o
LOAD ./Core/Src/quadspi.o
LOAD ./Core/Src/rtc.o
LOAD ./Core/Src/s25fl256s.o
LOAD ./Core/Src/scheduler.o
LOAD ./Core/Src/stm32h7xx_hal_msp.o
LOAD ./Core/Src/stm32h7xx_hal_timebase_tim.o
LOAD ./Core/Src/stm32h7xx_it.o
LOAD ./Core/Src/syscalls.o
LOAD ./Core/Src/sysmem.o
LOAD ./Core/Src/system_stm32h7xx.o
LOAD ./Core/Src/tim.o
LOAD ./Core/Src/usart.o
LOAD ./Core/Src/usb_otg.o
LOAD ./Core/Startup/startup_stm32h750vbtx.o
LOAD ./Drivers/STM32H7xx_HAL_Driver/Src/stm32h7xx_hal.o
LOAD ./Drivers/STM32H7xx_HAL_Driver/Src/stm32h7xx_hal_adc.o
LOAD ./Drivers/STM32H7xx_HAL_Driver/Src/stm32h7xx_hal_adc_ex.o
LOAD ./Drivers/STM32H7xx_HAL_Driver/Src/stm32h7xx_hal_cortex.o
LOAD ./Drivers/STM32H7xx_HAL_Driver/Src/stm32h7xx_hal_dma.o
LOAD ./Drivers/STM32H7xx_HAL_Driver/Src/stm32h7xx_hal_dma_ex.o
LOAD ./Drivers/STM32H7xx_HAL_Driver/Src/stm32h7xx_hal_exti.o
LOAD ./Drivers/STM32H7xx_HAL_Driver/Src/stm32h7xx_hal_flash.o
LOAD ./Drivers/STM32H7xx_HAL_Driver/Src/stm32h7xx_hal_flash_ex.o
LOAD ./Drivers/STM32H7xx_HAL_Driver/Src/stm32h7xx_hal_gpio.o
LOAD ./Drivers/STM32H7xx_HAL_Driver/Src/stm32h7xx_hal_hcd.o
LOAD ./Drivers/STM32H7xx_HAL_Driver/Src/stm32h7xx_hal_hsem.o
LOAD ./Drivers/STM32H7xx_HAL_Driver/Src/stm32h7xx_hal_i2c.o
LOAD ./Drivers/STM32H7xx_HAL_Driver/Src/stm32h7xx_hal_i2c_ex.o
LOAD ./Drivers/STM32H7xx_HAL_Driver/Src/stm32h7xx_hal_mdma.o
LOAD ./Drivers/STM32H7xx_HAL_Driver/Src/stm32h7xx_hal_pwr.o
LOAD ./Drivers/STM32H7xx_HAL_Driver/Src/stm32h7xx_hal_pwr_ex.o
LOAD ./Drivers/STM32H7xx_HAL_Driver/Src/stm32h7xx_hal_qspi.o
LOAD ./Drivers/STM32H7xx_HAL_Driver/Src/stm32h7xx_hal_rcc.o
LOAD ./Drivers/STM32H7xx_HAL_Driver/Src/stm32h7xx_hal_rcc_ex.o
LOAD ./Drivers/STM32H7xx_HAL_Driver/Src/stm32h7xx_hal_rtc.o
LOAD ./Drivers/STM32H7xx_HAL_Driver/Src/stm32h7xx_hal_rtc_ex.o
LOAD ./Drivers/STM32H7xx_HAL_Driver/Src/stm32h7xx_hal_tim.o
LOAD ./Drivers/STM32H7xx_HAL_Driver/Src/stm32h7xx_hal_tim_ex.o
LOAD ./Drivers/STM32H7xx_HAL_Driver/Src/stm32h7xx_hal_uart.o
LOAD ./Drivers/STM32H7xx_HAL_Driver/Src/stm32h7xx_hal_uart_ex.o
LOAD ./Drivers/STM32H7xx_HAL_Driver/Src/stm32h7xx_ll_usb.o
LOAD ./Middlewares/Third_Party/FreeRTOS/Source/CMSIS_RTOS_V2/cmsis_os2.o
LOAD ./Middlewares/Third_Party/FreeRTOS/Source/croutine.o
LOAD ./Middlewares/Third_Party/FreeRTOS/Source/event_groups.o
LOAD ./Middlewares/Third_Party/FreeRTOS/Source/list.o
LOAD ./Middlewares/Third_Party/FreeRTOS/Source/queue.o
LOAD ./Middlewares/Third_Party/FreeRTOS/Source/stream_buffer.o
LOAD ./Middlewares/Third_Party/FreeRTOS/Source/tasks.o
LOAD ./Middlewares/Third_Party/FreeRTOS/Source/timers.o
LOAD ./Middlewares/Third_Party/FreeRTOS/Source/portable/GCC/ARM_CM4F/port.o
LOAD ./Middlewares/Third_Party/FreeRTOS/Source/portable/MemMang/heap_4.o
START GROUP
LOAD C:/ST/STM32CubeIDE_1.13.2/STM32CubeIDE/plugins/com.st.stm32cube.ide.mcu.externaltools.gnu-tools-for-stm32.11.3.rel1.win32_1.1.1.202309131626/tools/bin/../lib/gcc/arm-none-eabi/11.3.1/../../../../arm-none-eabi/lib/thumb/v7e-m+dp/hard\libc_nano.a
LOAD C:/ST/STM32CubeIDE_1.13.2/STM32CubeIDE/plugins/com.st.stm32cube.ide.mcu.externaltools.gnu-tools-for-stm32.11.3.rel1.win32_1.1.1.202309131626/tools/bin/../lib/gcc/arm-none-eabi/11.3.1/../../../../arm-none-eabi/lib/thumb/v7e-m+dp/hard\libm.a
END GROUP
START GROUP
LOAD C:/ST/STM32CubeIDE_1.13.2/STM32CubeIDE/plugins/com.st.stm32cube.ide.mcu.externaltools.gnu-tools-for-stm32.11.3.rel1.win32_1.1.1.202309131626/tools/bin/../lib/gcc/arm-none-eabi/11.3.1/thumb/v7e-m+dp/hard\libgcc.a
LOAD C:/ST/STM32CubeIDE_1.13.2/STM32CubeIDE/plugins/com.st.stm32cube.ide.mcu.externaltools.gnu-tools-for-stm32.11.3.rel1.win32_1.1.1.202309131626/tools/bin/../lib/gcc/arm-none-eabi/11.3.1/../../../../arm-none-eabi/lib/thumb/v7e-m+dp/hard\libc_nano.a
END GROUP
START GROUP
LOAD C:/ST/STM32CubeIDE_1.13.2/STM32CubeIDE/plugins/com.st.stm32cube.ide.mcu.externaltools.gnu-tools-for-stm32.11.3.rel1.win32_1.1.1.202309131626/tools/bin/../lib/gcc/arm-none-eabi/11.3.1/thumb/v7e-m+dp/hard\libgcc.a
LOAD C:/ST/STM32CubeIDE_1.13.2/STM32CubeIDE/plugins/com.st.stm32cube.ide.mcu.externaltools.gnu-tools-for-stm32.11.3.rel1.win32_1.1.1.202309131626/tools/bin/../lib/gcc/arm-none-eabi/11.3.1/../../../../arm-none-eabi/lib/thumb/v7e-m+dp/hard\libc_nano.a
LOAD C:/ST/STM32CubeIDE_1.13.2/STM32CubeIDE/plugins/com.st.stm32cube.ide.mcu.externaltools.gnu-tools-for-stm32.11.3.rel1.win32_1.1.1.202309131626/tools/bin/../lib/gcc/arm-none-eabi/11.3.1/../../../../arm-none-eabi/lib/thumb/v7e-m+dp/hard\libnosys.a
END GROUP
START GROUP
LOAD C:/ST/STM32CubeIDE_1.13.2/STM32CubeIDE/plugins/com.st.stm32cube.ide.mcu.externaltools.gnu-tools-for-stm32.11.3.rel1.win32_1.1.1.202309131626/tools/bin/../lib/gcc/arm-none-eabi/11.3.1/thumb/v7e-m+dp/hard\libgcc.a
LOAD C:/ST/STM32CubeIDE_1.13.2/STM32CubeIDE/plugins/com.st.stm32cube.ide.mcu.externaltools.gnu-tools-for-stm32.11.3.rel1.win32_1.1.1.202309131626/tools/bin/../lib/gcc/arm-none-eabi/11.3.1/../../../../arm-none-eabi/lib/thumb/v7e-m+dp/hard\libc_nano.a
LOAD C:/ST/STM32CubeIDE_1.13.2/STM32CubeIDE/plugins/com.st.stm32cube.ide.mcu.externaltools.gnu-tools-for-stm32.11.3.rel1.win32_1.1.1.202309131626/tools/bin/../lib/gcc/arm-none-eabi/11.3.1/../../../../arm-none-eabi/lib/thumb/v7e-m+dp/hard\libnosys.a
END GROUP
LOAD C:/ST/STM32CubeIDE_1.13.2/STM32CubeIDE/plugins/com.st.stm32cube.ide.mcu.externaltools.gnu-tools-for-stm32.11.3.rel1.win32_1.1.1.202309131626/tools/bin/../lib/gcc/arm-none-eabi/11.3.1/thumb/v7e-m+dp/hard/crtend.o
LOAD C:/ST/STM32CubeIDE_1.13.2/STM32CubeIDE/plugins/com.st.stm32cube.ide.mcu.externaltools.gnu-tools-for-stm32.11.3.rel1.win32_1.1.1.202309131626/tools/bin/../lib/gcc/arm-none-eabi/11.3.1/thumb/v7e-m+dp/hard/crtn.o
                0x0000000024080000                _estack = (ORIGIN (RAM_D1) + LENGTH (RAM_D1))
                0x0000000000000200                _Min_Heap_Size = 0x200
                0x0000000000000400                _Min_Stack_Size = 0x400

.isr_vector     0x0000000008000000      0x298
                0x0000000008000000                . = ALIGN (0x4)
 *(.isr_vector)
 .isr_vector    0x0000000008000000      0x298 ./Core/Startup/startup_stm32h750vbtx.o
                0x0000000008000000                g_pfnVectors
                0x0000000008000298                . = ALIGN (0x4)

.text           0x00000000080002a0    0x13b14
                0x00000000080002a0                . = ALIGN (0x4)
 *(.text)
 .text          0x00000000080002a0       0x40 C:/ST/STM32CubeIDE_1.13.2/STM32CubeIDE/plugins/com.st.stm32cube.ide.mcu.externaltools.gnu-tools-for-stm32.11.3.rel1.win32_1.1.1.202309131626/tools/bin/../lib/gcc/arm-none-eabi/11.3.1/thumb/v7e-m+dp/hard/crtbegin.o
 .text          0x00000000080002e0       0x14 C:/ST/STM32CubeIDE_1.13.2/STM32CubeIDE/plugins/com.st.stm32cube.ide.mcu.externaltools.gnu-tools-for-stm32.11.3.rel1.win32_1.1.1.202309131626/tools/bin/../lib/gcc/arm-none-eabi/11.3.1/../../../../arm-none-eabi/lib/thumb/v7e-m+dp/hard\libc_nano.a(libc_a-strcmp.o)
                0x00000000080002e0                strcmp
 .text          0x00000000080002f4       0x10 C:/ST/STM32CubeIDE_1.13.2/STM32CubeIDE/plugins/com.st.stm32cube.ide.mcu.externaltools.gnu-tools-for-stm32.11.3.rel1.win32_1.1.1.202309131626/tools/bin/../lib/gcc/arm-none-eabi/11.3.1/../../../../arm-none-eabi/lib/thumb/v7e-m+dp/hard\libc_nano.a(libc_a-strlen.o)
                0x00000000080002f4                strlen
 *fill*         0x0000000008000304        0xc 
 .text          0x0000000008000310       0xa0 C:/ST/STM32CubeIDE_1.13.2/STM32CubeIDE/plugins/com.st.stm32cube.ide.mcu.externaltools.gnu-tools-for-stm32.11.3.rel1.win32_1.1.1.202309131626/tools/bin/../lib/gcc/arm-none-eabi/11.3.1/../../../../arm-none-eabi/lib/thumb/v7e-m+dp/hard\libc_nano.a(libc_a-memchr.o)
                0x0000000008000310                memchr
 .text          0x00000000080003b0      0x378 C:/ST/STM32CubeIDE_1.13.2/STM32CubeIDE/plugins/com.st.stm32cube.ide.mcu.externaltools.gnu-tools-for-stm32.11.3.rel1.win32_1.1.1.202309131626/tools/bin/../lib/gcc/arm-none-eabi/11.3.1/thumb/v7e-m+dp/hard\libgcc.a(_arm_addsubdf3.o)
                0x00000000080003b0                __aeabi_drsub
                0x00000000080003b8                __aeabi_dsub
                0x00000000080003b8                __subdf3
                0x00000000080003bc                __aeabi_dadd
                0x00000000080003bc                __adddf3
                0x0000000008000634                __floatunsidf
                0x0000000008000634                __aeabi_ui2d
                0x0000000008000654                __floatsidf
                0x0000000008000654                __aeabi_i2d
                0x0000000008000678                __aeabi_f2d
                0x0000000008000678                __extendsfdf2
                0x00000000080006bc                __floatundidf
                0x00000000080006bc                __aeabi_ul2d
                0x00000000080006cc                __floatdidf
                0x00000000080006cc                __aeabi_l2d
 .text          0x0000000008000728       0x30 C:/ST/STM32CubeIDE_1.13.2/STM32CubeIDE/plugins/com.st.stm32cube.ide.mcu.externaltools.gnu-tools-for-stm32.11.3.rel1.win32_1.1.1.202309131626/tools/bin/../lib/gcc/arm-none-eabi/11.3.1/thumb/v7e-m+dp/hard\libgcc.a(_aeabi_uldivmod.o)
                0x0000000008000728                __aeabi_uldivmod
 .text          0x0000000008000758       0x30 C:/ST/STM32CubeIDE_1.13.2/STM32CubeIDE/plugins/com.st.stm32cube.ide.mcu.externaltools.gnu-tools-for-stm32.11.3.rel1.win32_1.1.1.202309131626/tools/bin/../lib/gcc/arm-none-eabi/11.3.1/thumb/v7e-m+dp/hard\libgcc.a(_fixdfdi.o)
                0x0000000008000758                __fixdfdi
                0x0000000008000758                __aeabi_d2lz
 .text          0x0000000008000788       0x40 C:/ST/STM32CubeIDE_1.13.2/STM32CubeIDE/plugins/com.st.stm32cube.ide.mcu.externaltools.gnu-tools-for-stm32.11.3.rel1.win32_1.1.1.202309131626/tools/bin/../lib/gcc/arm-none-eabi/11.3.1/thumb/v7e-m+dp/hard\libgcc.a(_fixunsdfdi.o)
                0x0000000008000788                __fixunsdfdi
                0x0000000008000788                __aeabi_d2ulz
 .text          0x00000000080007c8      0x2c8 C:/ST/STM32CubeIDE_1.13.2/STM32CubeIDE/plugins/com.st.stm32cube.ide.mcu.externaltools.gnu-tools-for-stm32.11.3.rel1.win32_1.1.1.202309131626/tools/bin/../lib/gcc/arm-none-eabi/11.3.1/thumb/v7e-m+dp/hard\libgcc.a(_udivmoddi4.o)
                0x00000000080007c8                __udivmoddi4
 .text          0x0000000008000a90        0x4 C:/ST/STM32CubeIDE_1.13.2/STM32CubeIDE/plugins/com.st.stm32cube.ide.mcu.externaltools.gnu-tools-for-stm32.11.3.rel1.win32_1.1.1.202309131626/tools/bin/../lib/gcc/arm-none-eabi/11.3.1/thumb/v7e-m+dp/hard\libgcc.a(_dvmd_tls.o)
                0x0000000008000a90                __aeabi_idiv0
                0x0000000008000a90                __aeabi_ldiv0
 *(.text*)
 .text.CheckData_received
                0x0000000008000a94      0x128 ./Core/Src/ESP_UART_Config.o
                0x0000000008000a94                CheckData_received
 .text.ReceiveData
                0x0000000008000bbc       0x2c ./Core/Src/ESP_UART_Config.o
                0x0000000008000bbc                ReceiveData
 .text.PrepareData
                0x0000000008000be8       0x40 ./Core/Src/ESP_UART_Config.o
                0x0000000008000be8                PrepareData
 .text.vTimerCallbackT35
                0x0000000008000c28       0x5c ./Core/Src/Modbus.o
 .text.vTimerCallbackTimeout
                0x0000000008000c84       0x3c ./Core/Src/Modbus.o
 .text.RingAdd  0x0000000008000cc0       0x3c ./Core/Src/Modbus.o
                0x0000000008000cc0                RingAdd
 .text.RingGetNBytes
                0x0000000008000cfc       0x56 ./Core/Src/Modbus.o
                0x0000000008000cfc                RingGetNBytes
 .text.RingGetAllBytes
                0x0000000008000d52        0x8 ./Core/Src/Modbus.o
                0x0000000008000d52                RingGetAllBytes
 .text.getRxBuffer
                0x0000000008000d5a       0x62 ./Core/Src/Modbus.o
 .text.ModbusInit
                0x0000000008000dbc       0xec ./Core/Src/Modbus.o
                0x0000000008000dbc                ModbusInit
 .text.ModbusStart
                0x0000000008000ea8      0x108 ./Core/Src/Modbus.o
                0x0000000008000ea8                ModbusStart
 .text.ModbusQuery
                0x0000000008000fb0       0x30 ./Core/Src/Modbus.o
                0x0000000008000fb0                ModbusQuery
 .text.calcCRC  0x0000000008000fe0       0x36 ./Core/Src/Modbus.o
                0x0000000008000fe0                calcCRC
 .text.sendTxBuffer
                0x0000000008001016       0xaa ./Core/Src/Modbus.o
 .text.StartTaskModbusSlave
                0x00000000080010c0      0x4c8 ./Core/Src/Modbus.o
                0x00000000080010c0                StartTaskModbusSlave
 .text.StartTaskModbusMaster
                0x0000000008001588      0x2f0 ./Core/Src/Modbus.o
                0x0000000008001588                StartTaskModbusMaster
 .text.ModbusMasterHandler2Init
                0x0000000008001878       0x58 ./Core/Src/Modbus.o
                0x0000000008001878                ModbusMasterHandler2Init
 .text.ModbusRequest
                0x00000000080018d0       0x30 ./Core/Src/Modbus.o
                0x00000000080018d0                ModbusRequest
 .text.HAL_UART_TxCpltCallback
                0x0000000008001900       0x58 ./Core/Src/UARTCallback.o
                0x0000000008001900                HAL_UART_TxCpltCallback
 .text.HAL_UART_RxCpltCallback
                0x0000000008001958       0x88 ./Core/Src/UARTCallback.o
                0x0000000008001958                HAL_UART_RxCpltCallback
 .text.HAL_UART_ErrorCallback
                0x00000000080019e0       0xcc ./Core/Src/UARTCallback.o
                0x00000000080019e0                HAL_UART_ErrorCallback
 .text.HAL_UARTEx_RxEventCallback
                0x0000000008001aac      0x114 ./Core/Src/UARTCallback.o
                0x0000000008001aac                HAL_UARTEx_RxEventCallback
 .text.CalibrateADC
                0x0000000008001bc0       0x58 ./Core/Src/adc.o
                0x0000000008001bc0                CalibrateADC
 .text.MX_ADC1_Init
                0x0000000008001c18       0x94 ./Core/Src/adc.o
                0x0000000008001c18                MX_ADC1_Init
 .text.MX_ADC2_Init
                0x0000000008001cac       0x84 ./Core/Src/adc.o
                0x0000000008001cac                MX_ADC2_Init
 .text.HAL_ADC_MspInit
                0x0000000008001d30      0x194 ./Core/Src/adc.o
                0x0000000008001d30                HAL_ADC_MspInit
 .text.write_backup_register
                0x0000000008001ec4       0x24 ./Core/Src/backup_resgisters_operations.o
                0x0000000008001ec4                write_backup_register
 .text.read_backup_register
                0x0000000008001ee8       0x24 ./Core/Src/backup_resgisters_operations.o
                0x0000000008001ee8                read_backup_register
 .text.write_pump_data_to_backup_registers
                0x0000000008001f0c       0x38 ./Core/Src/backup_resgisters_operations.o
                0x0000000008001f0c                write_pump_data_to_backup_registers
 .text.delete_pump_data_from_backup_registers
                0x0000000008001f44        0xa ./Core/Src/backup_resgisters_operations.o
                0x0000000008001f44                delete_pump_data_from_backup_registers
 *fill*         0x0000000008001f4e        0x2 
 .text.restore_pump_data
                0x0000000008001f50       0x70 ./Core/Src/backup_resgisters_operations.o
                0x0000000008001f50                restore_pump_data
 .text.store_factory_page_data
                0x0000000008001fc0      0x124 ./Core/Src/backup_resgisters_operations.o
                0x0000000008001fc0                store_factory_page_data
 .text.restore_factory_page_data
                0x00000000080020e4      0x120 ./Core/Src/backup_resgisters_operations.o
                0x00000000080020e4                restore_factory_page_data
 .text.store_internal_system__data
                0x0000000008002204       0x30 ./Core/Src/backup_resgisters_operations.o
                0x0000000008002204                store_internal_system__data
 .text.restore_internal_system_data
                0x0000000008002234       0x30 ./Core/Src/backup_resgisters_operations.o
                0x0000000008002234                restore_internal_system_data
 .text.store_alarm_data
                0x0000000008002264       0x38 ./Core/Src/backup_resgisters_operations.o
                0x0000000008002264                store_alarm_data
 .text.restore_alarm_data
                0x000000000800229c       0x40 ./Core/Src/backup_resgisters_operations.o
                0x000000000800229c                restore_alarm_data
 .text.MX_DMA_Init
                0x00000000080022dc       0x88 ./Core/Src/dma.o
                0x00000000080022dc                MX_DMA_Init
 .text.read_alarm_records
                0x0000000008002364       0xb8 ./Core/Src/external_flash.o
                0x0000000008002364                read_alarm_records
 .text.compare_weekly_rtc
                0x000000000800241c       0xec ./Core/Src/external_flash.o
                0x000000000800241c                compare_weekly_rtc
 .text.compare_rtc
                0x0000000008002508       0xf0 ./Core/Src/external_flash.o
                0x0000000008002508                compare_rtc
 .text.ExtractWeeklyRecords
                0x00000000080025f8      0x1a0 ./Core/Src/external_flash.o
                0x00000000080025f8                ExtractWeeklyRecords
 .text.check_specific_record
                0x0000000008002798       0x78 ./Core/Src/external_flash.o
                0x0000000008002798                check_specific_record
 .text.ExtractRecords
                0x0000000008002810      0x1ec ./Core/Src/external_flash.o
                0x0000000008002810                ExtractRecords
 .text.sendMatchedIndices
                0x00000000080029fc       0x54 ./Core/Src/external_flash.o
                0x00000000080029fc                sendMatchedIndices
 .text.DeleteRecordByIndex
                0x0000000008002a50      0x100 ./Core/Src/external_flash.o
                0x0000000008002a50                DeleteRecordByIndex
 .text.store_alarm
                0x0000000008002b50      0x18c ./Core/Src/external_flash.o
                0x0000000008002b50                store_alarm
 .text.externalFlashWrite
                0x0000000008002cdc      0x17c ./Core/Src/external_flash.o
                0x0000000008002cdc                externalFlashWrite
 .text.StartDefaultTask
                0x0000000008002e58      0x1a0 ./Core/Src/freertos.o
                0x0000000008002e58                StartDefaultTask
 .text.UART1_task
                0x0000000008002ff8      0xb20 ./Core/Src/freertos.o
                0x0000000008002ff8                UART1_task
 .text.ADC_4_20mApolling
                0x0000000008003b18       0xe0 ./Core/Src/freertos.o
                0x0000000008003b18                ADC_4_20mApolling
 .text.StartTaskMaster
                0x0000000008003bf8      0x130 ./Core/Src/freertos.o
                0x0000000008003bf8                StartTaskMaster
 .text.external_flash
                0x0000000008003d28      0x418 ./Core/Src/freertos.o
                0x0000000008003d28                external_flash
 .text.UART_Send
                0x0000000008004140      0x934 ./Core/Src/freertos.o
                0x0000000008004140                UART_Send
 .text.PIDControl
                0x0000000008004a74      0x760 ./Core/Src/freertos.o
                0x0000000008004a74                PIDControl
 .text.Pumps_Scheduler
                0x00000000080051d4      0x128 ./Core/Src/freertos.o
                0x00000000080051d4                Pumps_Scheduler
 .text.vApplicationStackOverflowHook
                0x00000000080052fc       0x10 ./Core/Src/freertos.o
                0x00000000080052fc                vApplicationStackOverflowHook
 .text.MX_FREERTOS_Init
                0x000000000800530c       0xd4 ./Core/Src/freertos.o
                0x000000000800530c                MX_FREERTOS_Init
 .text.MX_GPIO_Init
                0x00000000080053e0      0x124 ./Core/Src/gpio.o
                0x00000000080053e0                MX_GPIO_Init
 .text.SystemClock_Config
                0x0000000008005504       0xd8 ./Core/Src/main.o
                0x0000000008005504                SystemClock_Config
 .text.PeriphCommonClock_Config
                0x00000000080055dc       0x40 ./Core/Src/main.o
                0x00000000080055dc                PeriphCommonClock_Config
 .text.startup.main
                0x000000000800561c      0x16c ./Core/Src/main.o
                0x000000000800561c                main
 .text.HAL_TIM_PeriodElapsedCallback
                0x0000000008005788       0x14 ./Core/Src/main.o
                0x0000000008005788                HAL_TIM_PeriodElapsedCallback
 .text.Error_Handler
                0x000000000800579c        0x4 ./Core/Src/main.o
                0x000000000800579c                Error_Handler
 .text.MX_QUADSPI_Init
                0x00000000080057a0       0x58 ./Core/Src/quadspi.o
                0x00000000080057a0                MX_QUADSPI_Init
 .text.HAL_QSPI_MspInit
                0x00000000080057f8      0x10c ./Core/Src/quadspi.o
                0x00000000080057f8                HAL_QSPI_MspInit
 .text.HAL_QSPI_MspDeInit
                0x0000000008005904       0x54 ./Core/Src/quadspi.o
                0x0000000008005904                HAL_QSPI_MspDeInit
 .text.MX_RTC_Init
                0x0000000008005958       0x34 ./Core/Src/rtc.o
                0x0000000008005958                MX_RTC_Init
 .text.HAL_RTC_MspInit
                0x000000000800598c       0x4c ./Core/Src/rtc.o
                0x000000000800598c                HAL_RTC_MspInit
 .text.Get_RTC_Values
                0x00000000080059d8       0x34 ./Core/Src/rtc.o
                0x00000000080059d8                Get_RTC_Values
 .text.Set_RTC_Values
                0x0000000008005a0c       0x60 ./Core/Src/rtc.o
                0x0000000008005a0c                Set_RTC_Values
 .text.S25FL256S_WriteEnable
                0x0000000008005a6c       0x6c ./Core/Src/s25fl256s.o
                0x0000000008005a6c                S25FL256S_WriteEnable
 .text.S25FL256S_PageProgram
                0x0000000008005ad8       0x60 ./Core/Src/s25fl256s.o
                0x0000000008005ad8                S25FL256S_PageProgram
 .text.S25FL256S_Enter4LinesDataMode
                0x0000000008005b38       0xe8 ./Core/Src/s25fl256s.o
                0x0000000008005b38                S25FL256S_Enter4LinesDataMode
 .text.S25FL256S_ReadSTR
                0x0000000008005c20       0xaa ./Core/Src/s25fl256s.o
                0x0000000008005c20                S25FL256S_ReadSTR
 .text.S25FL256S_BlockErase
                0x0000000008005cca       0x58 ./Core/Src/s25fl256s.o
                0x0000000008005cca                S25FL256S_BlockErase
 .text.S25FL256S_EnableMemoryMappedModeSTR
                0x0000000008005d22       0x7c ./Core/Src/s25fl256s.o
                0x0000000008005d22                S25FL256S_EnableMemoryMappedModeSTR
 *fill*         0x0000000008005d9e        0x2 
 .text.calculateElapsedDays.isra.0
                0x0000000008005da0       0xc8 ./Core/Src/scheduler.o
 .text.Sort_Pumps_By_changeOverTime
                0x0000000008005e68       0xee ./Core/Src/scheduler.o
                0x0000000008005e68                Sort_Pumps_By_changeOverTime
 *fill*         0x0000000008005f56        0x2 
 .text.Update_Working_Time
                0x0000000008005f58      0x14c ./Core/Src/scheduler.o
                0x0000000008005f58                Update_Working_Time
 .text.HAL_MspInit
                0x00000000080060a4       0x64 ./Core/Src/stm32h7xx_hal_msp.o
                0x00000000080060a4                HAL_MspInit
 .text.HAL_InitTick
                0x0000000008006108       0x90 ./Core/Src/stm32h7xx_hal_timebase_tim.o
                0x0000000008006108                HAL_InitTick
 .text.NMI_Handler
                0x0000000008006198        0x2 ./Core/Src/stm32h7xx_it.o
                0x0000000008006198                NMI_Handler
 *fill*         0x000000000800619a        0x2 
 .text.HardFault_Handler
                0x000000000800619c       0x24 ./Core/Src/stm32h7xx_it.o
                0x000000000800619c                HardFault_Handler
 .text.MemManage_Handler
                0x00000000080061c0        0x2 ./Core/Src/stm32h7xx_it.o
                0x00000000080061c0                MemManage_Handler
 .text.BusFault_Handler
                0x00000000080061c2        0x2 ./Core/Src/stm32h7xx_it.o
                0x00000000080061c2                BusFault_Handler
 .text.UsageFault_Handler
                0x00000000080061c4        0x2 ./Core/Src/stm32h7xx_it.o
                0x00000000080061c4                UsageFault_Handler
 .text.DebugMon_Handler
                0x00000000080061c6        0x2 ./Core/Src/stm32h7xx_it.o
                0x00000000080061c6                DebugMon_Handler
 .text.DMA1_Stream0_IRQHandler
                0x00000000080061c8        0xc ./Core/Src/stm32h7xx_it.o
                0x00000000080061c8                DMA1_Stream0_IRQHandler
 .text.DMA1_Stream1_IRQHandler
                0x00000000080061d4        0xc ./Core/Src/stm32h7xx_it.o
                0x00000000080061d4                DMA1_Stream1_IRQHandler
 .text.DMA1_Stream2_IRQHandler
                0x00000000080061e0        0xc ./Core/Src/stm32h7xx_it.o
                0x00000000080061e0                DMA1_Stream2_IRQHandler
 .text.DMA1_Stream3_IRQHandler
                0x00000000080061ec        0xc ./Core/Src/stm32h7xx_it.o
                0x00000000080061ec                DMA1_Stream3_IRQHandler
 .text.DMA1_Stream4_IRQHandler
                0x00000000080061f8        0xc ./Core/Src/stm32h7xx_it.o
                0x00000000080061f8                DMA1_Stream4_IRQHandler
 .text.DMA1_Stream5_IRQHandler
                0x0000000008006204        0xc ./Core/Src/stm32h7xx_it.o
                0x0000000008006204                DMA1_Stream5_IRQHandler
 .text.ADC_IRQHandler
                0x0000000008006210       0x1c ./Core/Src/stm32h7xx_it.o
                0x0000000008006210                ADC_IRQHandler
 .text.USART1_IRQHandler
                0x000000000800622c       0x58 ./Core/Src/stm32h7xx_it.o
                0x000000000800622c                USART1_IRQHandler
 .text.USART3_IRQHandler
                0x0000000008006284        0xc ./Core/Src/stm32h7xx_it.o
                0x0000000008006284                USART3_IRQHandler
 .text.FPU_IRQHandler
                0x0000000008006290        0x2 ./Core/Src/stm32h7xx_it.o
                0x0000000008006290                FPU_IRQHandler
 *fill*         0x0000000008006292        0x2 
 .text.QUADSPI_IRQHandler
                0x0000000008006294        0xc ./Core/Src/stm32h7xx_it.o
                0x0000000008006294                QUADSPI_IRQHandler
 .text.TIM17_IRQHandler
                0x00000000080062a0        0xc ./Core/Src/stm32h7xx_it.o
                0x00000000080062a0                TIM17_IRQHandler
 .text.Custome_ITM_SendChar_ch0
                0x00000000080062ac       0x2c ./Core/Src/syscalls.o
                0x00000000080062ac                Custome_ITM_SendChar_ch0
 .text._getpid  0x00000000080062d8        0x4 ./Core/Src/syscalls.o
                0x00000000080062d8                _getpid
 .text._kill    0x00000000080062dc       0x10 ./Core/Src/syscalls.o
                0x00000000080062dc                _kill
 .text._exit    0x00000000080062ec        0xc ./Core/Src/syscalls.o
                0x00000000080062ec                _exit
 .text._read    0x00000000080062f8       0x1c ./Core/Src/syscalls.o
                0x00000000080062f8                _read
 .text._write   0x0000000008006314       0x1a ./Core/Src/syscalls.o
                0x0000000008006314                _write
 .text._close   0x000000000800632e        0x6 ./Core/Src/syscalls.o
                0x000000000800632e                _close
 .text._fstat   0x0000000008006334        0xa ./Core/Src/syscalls.o
                0x0000000008006334                _fstat
 .text._isatty  0x000000000800633e        0x4 ./Core/Src/syscalls.o
                0x000000000800633e                _isatty
 .text._lseek   0x0000000008006342        0x4 ./Core/Src/syscalls.o
                0x0000000008006342                _lseek
 *fill*         0x0000000008006346        0x2 
 .text._sbrk    0x0000000008006348       0x40 ./Core/Src/sysmem.o
                0x0000000008006348                _sbrk
 .text.SystemInit
                0x0000000008006388       0xc0 ./Core/Src/system_stm32h7xx.o
                0x0000000008006388                SystemInit
 .text.MX_TIM2_Init
                0x0000000008006448       0x6c ./Core/Src/tim.o
                0x0000000008006448                MX_TIM2_Init
 .text.HAL_TIM_Base_MspInit
                0x00000000080064b4       0x54 ./Core/Src/tim.o
                0x00000000080064b4                HAL_TIM_Base_MspInit
 .text.HAL_TIM_MspPostInit
                0x0000000008006508       0x58 ./Core/Src/tim.o
                0x0000000008006508                HAL_TIM_MspPostInit
 .text.MX_TIM4_Init
                0x0000000008006560       0xc0 ./Core/Src/tim.o
                0x0000000008006560                MX_TIM4_Init
 .text.MX_LPUART1_UART_Init
                0x0000000008006620       0x64 ./Core/Src/usart.o
                0x0000000008006620                MX_LPUART1_UART_Init
 .text.MX_USART1_UART_Init
                0x0000000008006684       0x64 ./Core/Src/usart.o
                0x0000000008006684                MX_USART1_UART_Init
 .text.MX_USART2_UART_Init
                0x00000000080066e8       0x68 ./Core/Src/usart.o
                0x00000000080066e8                MX_USART2_UART_Init
 .text.MX_USART3_UART_Init
                0x0000000008006750       0x68 ./Core/Src/usart.o
                0x0000000008006750                MX_USART3_UART_Init
 .text.HAL_UART_MspInit
                0x00000000080067b8      0x314 ./Core/Src/usart.o
                0x00000000080067b8                HAL_UART_MspInit
 .text.MX_USB_OTG_FS_HCD_Init
                0x0000000008006acc       0x34 ./Core/Src/usb_otg.o
                0x0000000008006acc                MX_USB_OTG_FS_HCD_Init
 .text.HAL_HCD_MspInit
                0x0000000008006b00       0xb4 ./Core/Src/usb_otg.o
                0x0000000008006b00                HAL_HCD_MspInit
 .text.Reset_Handler
                0x0000000008006bb4       0x50 ./Core/Startup/startup_stm32h750vbtx.o
                0x0000000008006bb4                Reset_Handler
 .text.Default_Handler
                0x0000000008006c04        0x2 ./Core/Startup/startup_stm32h750vbtx.o
                0x0000000008006c04                RTC_Alarm_IRQHandler
                0x0000000008006c04                HASH_RNG_IRQHandler
                0x0000000008006c04                EXTI2_IRQHandler
                0x0000000008006c04                TIM8_CC_IRQHandler
                0x0000000008006c04                HRTIM1_Master_IRQHandler
                0x0000000008006c04                UART8_IRQHandler
                0x0000000008006c04                SPI4_IRQHandler
                0x0000000008006c04                TIM1_CC_IRQHandler
                0x0000000008006c04                BDMA_Channel6_IRQHandler
                0x0000000008006c04                DMA2_Stream5_IRQHandler
                0x0000000008006c04                HRTIM1_FLT_IRQHandler
                0x0000000008006c04                JPEG_IRQHandler
                0x0000000008006c04                BDMA_Channel1_IRQHandler
                0x0000000008006c04                HRTIM1_TIMD_IRQHandler
                0x0000000008006c04                TAMP_STAMP_IRQHandler
                0x0000000008006c04                EXTI3_IRQHandler
                0x0000000008006c04                LPTIM4_IRQHandler
                0x0000000008006c04                TIM8_TRG_COM_TIM14_IRQHandler
                0x0000000008006c04                LPTIM2_IRQHandler
                0x0000000008006c04                DFSDM1_FLT1_IRQHandler
                0x0000000008006c04                DMAMUX2_OVR_IRQHandler
                0x0000000008006c04                TIM8_UP_TIM13_IRQHandler
                0x0000000008006c04                I2C3_ER_IRQHandler
                0x0000000008006c04                DFSDM1_FLT2_IRQHandler
                0x0000000008006c04                MDMA_IRQHandler
                0x0000000008006c04                LPTIM3_IRQHandler
                0x0000000008006c04                HSEM1_IRQHandler
                0x0000000008006c04                EXTI0_IRQHandler
                0x0000000008006c04                I2C2_EV_IRQHandler
                0x0000000008006c04                OTG_HS_WKUP_IRQHandler
                0x0000000008006c04                FDCAN1_IT1_IRQHandler
                0x0000000008006c04                LTDC_ER_IRQHandler
                0x0000000008006c04                DMA2_Stream2_IRQHandler
                0x0000000008006c04                HRTIM1_TIME_IRQHandler
                0x0000000008006c04                SPI1_IRQHandler
                0x0000000008006c04                TIM6_DAC_IRQHandler
                0x0000000008006c04                DCMI_IRQHandler
                0x0000000008006c04                HRTIM1_TIMC_IRQHandler
                0x0000000008006c04                DMA2_Stream3_IRQHandler
                0x0000000008006c04                SAI2_IRQHandler
                0x0000000008006c04                DFSDM1_FLT3_IRQHandler
                0x0000000008006c04                USART6_IRQHandler
                0x0000000008006c04                BDMA_Channel7_IRQHandler
                0x0000000008006c04                CRYP_IRQHandler
                0x0000000008006c04                LPTIM5_IRQHandler
                0x0000000008006c04                UART5_IRQHandler
                0x0000000008006c04                ADC3_IRQHandler
                0x0000000008006c04                DMA2_Stream0_IRQHandler
                0x0000000008006c04                TIM4_IRQHandler
                0x0000000008006c04                BDMA_Channel2_IRQHandler
                0x0000000008006c04                I2C1_EV_IRQHandler
                0x0000000008006c04                DMA1_Stream6_IRQHandler
                0x0000000008006c04                DMAMUX1_OVR_IRQHandler
                0x0000000008006c04                TIM16_IRQHandler
                0x0000000008006c04                UART4_IRQHandler
                0x0000000008006c04                BDMA_Channel5_IRQHandler
                0x0000000008006c04                TIM3_IRQHandler
                0x0000000008006c04                RCC_IRQHandler
                0x0000000008006c04                TIM8_BRK_TIM12_IRQHandler
                0x0000000008006c04                TIM1_TRG_COM_IRQHandler
                0x0000000008006c04                Default_Handler
                0x0000000008006c04                ECC_IRQHandler
                0x0000000008006c04                CEC_IRQHandler
                0x0000000008006c04                EXTI15_10_IRQHandler
                0x0000000008006c04                BDMA_Channel0_IRQHandler
                0x0000000008006c04                DMA1_Stream7_IRQHandler
                0x0000000008006c04                HRTIM1_TIMA_IRQHandler
                0x0000000008006c04                SPI5_IRQHandler
                0x0000000008006c04                TIM7_IRQHandler
                0x0000000008006c04                SDMMC1_IRQHandler
                0x0000000008006c04                TIM5_IRQHandler
                0x0000000008006c04                DMA2_Stream7_IRQHandler
                0x0000000008006c04                TIM15_IRQHandler
                0x0000000008006c04                PVD_AVD_IRQHandler
                0x0000000008006c04                I2C3_EV_IRQHandler
                0x0000000008006c04                EXTI9_5_IRQHandler
                0x0000000008006c04                RTC_WKUP_IRQHandler
                0x0000000008006c04                LTDC_IRQHandler
                0x0000000008006c04                SAI3_IRQHandler
                0x0000000008006c04                ETH_WKUP_IRQHandler
                0x0000000008006c04                SPDIF_RX_IRQHandler
                0x0000000008006c04                SPI2_IRQHandler
                0x0000000008006c04                OTG_HS_EP1_IN_IRQHandler
                0x0000000008006c04                CRS_IRQHandler
                0x0000000008006c04                EXTI4_IRQHandler
                0x0000000008006c04                HRTIM1_TIMB_IRQHandler
                0x0000000008006c04                FDCAN2_IT1_IRQHandler
                0x0000000008006c04                ETH_IRQHandler
                0x0000000008006c04                TIM1_UP_IRQHandler
                0x0000000008006c04                BDMA_Channel4_IRQHandler
                0x0000000008006c04                OTG_HS_EP1_OUT_IRQHandler
                0x0000000008006c04                WWDG_IRQHandler
                0x0000000008006c04                SPI6_IRQHandler
                0x0000000008006c04                MDIOS_IRQHandler
                0x0000000008006c04                I2C4_EV_IRQHandler
                0x0000000008006c04                FDCAN2_IT0_IRQHandler
                0x0000000008006c04                LPUART1_IRQHandler
                0x0000000008006c04                FDCAN1_IT0_IRQHandler
                0x0000000008006c04                TIM2_IRQHandler
                0x0000000008006c04                OTG_FS_WKUP_IRQHandler
                0x0000000008006c04                OTG_HS_IRQHandler
                0x0000000008006c04                DMA2D_IRQHandler
                0x0000000008006c04                TIM1_BRK_IRQHandler
                0x0000000008006c04                EXTI1_IRQHandler
                0x0000000008006c04                SDMMC2_IRQHandler
                0x0000000008006c04                OTG_FS_EP1_OUT_IRQHandler
                0x0000000008006c04                BDMA_Channel3_IRQHandler
                0x0000000008006c04                UART7_IRQHandler
                0x0000000008006c04                MDIOS_WKUP_IRQHandler
                0x0000000008006c04                USART2_IRQHandler
                0x0000000008006c04                DFSDM1_FLT0_IRQHandler
                0x0000000008006c04                SAI4_IRQHandler
                0x0000000008006c04                I2C2_ER_IRQHandler
                0x0000000008006c04                DMA2_Stream1_IRQHandler
                0x0000000008006c04                FLASH_IRQHandler
                0x0000000008006c04                DMA2_Stream4_IRQHandler
                0x0000000008006c04                OTG_FS_IRQHandler
                0x0000000008006c04                SPI3_IRQHandler
                0x0000000008006c04                WAKEUP_PIN_IRQHandler
                0x0000000008006c04                OTG_FS_EP1_IN_IRQHandler
                0x0000000008006c04                I2C1_ER_IRQHandler
                0x0000000008006c04                FMC_IRQHandler
                0x0000000008006c04                FDCAN_CAL_IRQHandler
                0x0000000008006c04                SWPMI1_IRQHandler
                0x0000000008006c04                COMP1_IRQHandler
                0x0000000008006c04                LPTIM1_IRQHandler
                0x0000000008006c04                I2C4_ER_IRQHandler
                0x0000000008006c04                DMA2_Stream6_IRQHandler
                0x0000000008006c04                SAI1_IRQHandler
 *fill*         0x0000000008006c06        0x2 
 .text.HAL_Init
                0x0000000008006c08       0x5c ./Drivers/STM32H7xx_HAL_Driver/Src/stm32h7xx_hal.o
                0x0000000008006c08                HAL_Init
 .text.HAL_IncTick
                0x0000000008006c64       0x18 ./Drivers/STM32H7xx_HAL_Driver/Src/stm32h7xx_hal.o
                0x0000000008006c64                HAL_IncTick
 .text.HAL_GetTick
                0x0000000008006c7c        0xc ./Drivers/STM32H7xx_HAL_Driver/Src/stm32h7xx_hal.o
                0x0000000008006c7c                HAL_GetTick
 .text.HAL_Delay
                0x0000000008006c88       0x24 ./Drivers/STM32H7xx_HAL_Driver/Src/stm32h7xx_hal.o
                0x0000000008006c88                HAL_Delay
 .text.HAL_GetREVID
                0x0000000008006cac        0xc ./Drivers/STM32H7xx_HAL_Driver/Src/stm32h7xx_hal.o
                0x0000000008006cac                HAL_GetREVID
 .text.HAL_SYSCFG_VREFBUF_HighImpedanceConfig
                0x0000000008006cb8       0x14 ./Drivers/STM32H7xx_HAL_Driver/Src/stm32h7xx_hal.o
                0x0000000008006cb8                HAL_SYSCFG_VREFBUF_HighImpedanceConfig
 .text.HAL_SYSCFG_DisableVREFBUF
                0x0000000008006ccc       0x10 ./Drivers/STM32H7xx_HAL_Driver/Src/stm32h7xx_hal.o
                0x0000000008006ccc                HAL_SYSCFG_DisableVREFBUF
 .text.LL_ADC_SetChannelSamplingTime
                0x0000000008006cdc       0x20 ./Drivers/STM32H7xx_HAL_Driver/Src/stm32h7xx_hal_adc.o
 .text.LL_ADC_IsEnabled
                0x0000000008006cfc        0x8 ./Drivers/STM32H7xx_HAL_Driver/Src/stm32h7xx_hal_adc.o
 .text.LL_ADC_REG_IsConversionOngoing
                0x0000000008006d04        0x8 ./Drivers/STM32H7xx_HAL_Driver/Src/stm32h7xx_hal_adc.o
 .text.HAL_ADC_PollForConversion
                0x0000000008006d0c      0x11c ./Drivers/STM32H7xx_HAL_Driver/Src/stm32h7xx_hal_adc.o
                0x0000000008006d0c                HAL_ADC_PollForConversion
 .text.HAL_ADC_GetValue
                0x0000000008006e28        0x6 ./Drivers/STM32H7xx_HAL_Driver/Src/stm32h7xx_hal_adc.o
                0x0000000008006e28                HAL_ADC_GetValue
 .text.HAL_ADC_ConvCpltCallback
                0x0000000008006e2e        0x2 ./Drivers/STM32H7xx_HAL_Driver/Src/stm32h7xx_hal_adc.o
                0x0000000008006e2e                HAL_ADC_ConvCpltCallback
 .text.HAL_ADC_LevelOutOfWindowCallback
                0x0000000008006e30        0x2 ./Drivers/STM32H7xx_HAL_Driver/Src/stm32h7xx_hal_adc.o
                0x0000000008006e30                HAL_ADC_LevelOutOfWindowCallback
 .text.HAL_ADC_ErrorCallback
                0x0000000008006e32        0x2 ./Drivers/STM32H7xx_HAL_Driver/Src/stm32h7xx_hal_adc.o
                0x0000000008006e32                HAL_ADC_ErrorCallback
 .text.HAL_ADC_IRQHandler
                0x0000000008006e34      0x278 ./Drivers/STM32H7xx_HAL_Driver/Src/stm32h7xx_hal_adc.o
                0x0000000008006e34                HAL_ADC_IRQHandler
 .text.HAL_ADC_ConfigChannel
                0x00000000080070ac      0x3a4 ./Drivers/STM32H7xx_HAL_Driver/Src/stm32h7xx_hal_adc.o
                0x00000000080070ac                HAL_ADC_ConfigChannel
 .text.ADC_Enable
                0x0000000008007450       0xb4 ./Drivers/STM32H7xx_HAL_Driver/Src/stm32h7xx_hal_adc.o
                0x0000000008007450                ADC_Enable
 .text.HAL_ADC_Start
                0x0000000008007504       0xf8 ./Drivers/STM32H7xx_HAL_Driver/Src/stm32h7xx_hal_adc.o
                0x0000000008007504                HAL_ADC_Start
 .text.ADC_ConfigureBoostMode
                0x00000000080075fc      0x12c ./Drivers/STM32H7xx_HAL_Driver/Src/stm32h7xx_hal_adc.o
                0x00000000080075fc                ADC_ConfigureBoostMode
 .text.HAL_ADC_Init
                0x0000000008007728      0x218 ./Drivers/STM32H7xx_HAL_Driver/Src/stm32h7xx_hal_adc.o
                0x0000000008007728                HAL_ADC_Init
 .text.LL_ADC_IsEnabled
                0x0000000008007940        0x8 ./Drivers/STM32H7xx_HAL_Driver/Src/stm32h7xx_hal_adc_ex.o
 .text.LL_ADC_REG_IsConversionOngoing
                0x0000000008007948        0x8 ./Drivers/STM32H7xx_HAL_Driver/Src/stm32h7xx_hal_adc_ex.o
 .text.HAL_ADCEx_InjectedConvCpltCallback
                0x0000000008007950        0x2 ./Drivers/STM32H7xx_HAL_Driver/Src/stm32h7xx_hal_adc_ex.o
                0x0000000008007950                HAL_ADCEx_InjectedConvCpltCallback
 .text.HAL_ADCEx_InjectedQueueOverflowCallback
                0x0000000008007952        0x2 ./Drivers/STM32H7xx_HAL_Driver/Src/stm32h7xx_hal_adc_ex.o
                0x0000000008007952                HAL_ADCEx_InjectedQueueOverflowCallback
 .text.HAL_ADCEx_LevelOutOfWindow2Callback
                0x0000000008007954        0x2 ./Drivers/STM32H7xx_HAL_Driver/Src/stm32h7xx_hal_adc_ex.o
                0x0000000008007954                HAL_ADCEx_LevelOutOfWindow2Callback
 .text.HAL_ADCEx_LevelOutOfWindow3Callback
                0x0000000008007956        0x2 ./Drivers/STM32H7xx_HAL_Driver/Src/stm32h7xx_hal_adc_ex.o
                0x0000000008007956                HAL_ADCEx_LevelOutOfWindow3Callback
 .text.HAL_ADCEx_EndOfSamplingCallback
                0x0000000008007958        0x2 ./Drivers/STM32H7xx_HAL_Driver/Src/stm32h7xx_hal_adc_ex.o
                0x0000000008007958                HAL_ADCEx_EndOfSamplingCallback
 *fill*         0x000000000800795a        0x2 
 .text.HAL_ADCEx_MultiModeConfigChannel
                0x000000000800795c       0xc8 ./Drivers/STM32H7xx_HAL_Driver/Src/stm32h7xx_hal_adc_ex.o
                0x000000000800795c                HAL_ADCEx_MultiModeConfigChannel
 .text.HAL_NVIC_SetPriorityGrouping
                0x0000000008007a24       0x24 ./Drivers/STM32H7xx_HAL_Driver/Src/stm32h7xx_hal_cortex.o
                0x0000000008007a24                HAL_NVIC_SetPriorityGrouping
 .text.HAL_NVIC_SetPriority
                0x0000000008007a48       0x64 ./Drivers/STM32H7xx_HAL_Driver/Src/stm32h7xx_hal_cortex.o
                0x0000000008007a48                HAL_NVIC_SetPriority
 .text.HAL_NVIC_EnableIRQ
                0x0000000008007aac       0x1c ./Drivers/STM32H7xx_HAL_Driver/Src/stm32h7xx_hal_cortex.o
                0x0000000008007aac                HAL_NVIC_EnableIRQ
 .text.HAL_NVIC_DisableIRQ
                0x0000000008007ac8       0x24 ./Drivers/STM32H7xx_HAL_Driver/Src/stm32h7xx_hal_cortex.o
                0x0000000008007ac8                HAL_NVIC_DisableIRQ
 .text.DMA_SetConfig
                0x0000000008007aec      0x184 ./Drivers/STM32H7xx_HAL_Driver/Src/stm32h7xx_hal_dma.o
 .text.DMA_CalcBaseAndBitshift
                0x0000000008007c70       0x98 ./Drivers/STM32H7xx_HAL_Driver/Src/stm32h7xx_hal_dma.o
 .text.DMA_CalcDMAMUXChannelBaseAndMask
                0x0000000008007d08       0x98 ./Drivers/STM32H7xx_HAL_Driver/Src/stm32h7xx_hal_dma.o
 .text.DMA_CalcDMAMUXRequestGenBaseAndMask
                0x0000000008007da0       0x70 ./Drivers/STM32H7xx_HAL_Driver/Src/stm32h7xx_hal_dma.o
 .text.HAL_DMA_Init
                0x0000000008007e10      0x340 ./Drivers/STM32H7xx_HAL_Driver/Src/stm32h7xx_hal_dma.o
                0x0000000008007e10                HAL_DMA_Init
 .text.HAL_DMA_Start_IT
                0x0000000008008150      0x234 ./Drivers/STM32H7xx_HAL_Driver/Src/stm32h7xx_hal_dma.o
                0x0000000008008150                HAL_DMA_Start_IT
 .text.HAL_DMA_Abort
                0x0000000008008384      0x34c ./Drivers/STM32H7xx_HAL_Driver/Src/stm32h7xx_hal_dma.o
                0x0000000008008384                HAL_DMA_Abort
 .text.HAL_DMA_Abort_IT
                0x00000000080086d0      0x120 ./Drivers/STM32H7xx_HAL_Driver/Src/stm32h7xx_hal_dma.o
                0x00000000080086d0                HAL_DMA_Abort_IT
 .text.HAL_DMA_IRQHandler
                0x00000000080087f0      0x39c ./Drivers/STM32H7xx_HAL_Driver/Src/stm32h7xx_hal_dma.o
                0x00000000080087f0                HAL_DMA_IRQHandler
 .text.HAL_DMA_GetError
                0x0000000008008b8c        0x4 ./Drivers/STM32H7xx_HAL_Driver/Src/stm32h7xx_hal_dma.o
                0x0000000008008b8c                HAL_DMA_GetError
 .text.HAL_GPIO_Init
                0x0000000008008b90      0x1d4 ./Drivers/STM32H7xx_HAL_Driver/Src/stm32h7xx_hal_gpio.o
                0x0000000008008b90                HAL_GPIO_Init
 .text.HAL_GPIO_DeInit
                0x0000000008008d64      0x140 ./Drivers/STM32H7xx_HAL_Driver/Src/stm32h7xx_hal_gpio.o
                0x0000000008008d64                HAL_GPIO_DeInit
 .text.HAL_GPIO_ReadPin
                0x0000000008008ea4        0xc ./Drivers/STM32H7xx_HAL_Driver/Src/stm32h7xx_hal_gpio.o
                0x0000000008008ea4                HAL_GPIO_ReadPin
 .text.HAL_GPIO_WritePin
                0x0000000008008eb0        0xa ./Drivers/STM32H7xx_HAL_Driver/Src/stm32h7xx_hal_gpio.o
                0x0000000008008eb0                HAL_GPIO_WritePin
 .text.HAL_HCD_Init
                0x0000000008008eba       0x98 ./Drivers/STM32H7xx_HAL_Driver/Src/stm32h7xx_hal_hcd.o
                0x0000000008008eba                HAL_HCD_Init
 .text.HAL_MDMA_Abort_IT
                0x0000000008008f52       0x26 ./Drivers/STM32H7xx_HAL_Driver/Src/stm32h7xx_hal_mdma.o
                0x0000000008008f52                HAL_MDMA_Abort_IT
 .text.HAL_PWR_EnableBkUpAccess
                0x0000000008008f78       0x10 ./Drivers/STM32H7xx_HAL_Driver/Src/stm32h7xx_hal_pwr.o
                0x0000000008008f78                HAL_PWR_EnableBkUpAccess
 .text.HAL_PWR_DisableBkUpAccess
                0x0000000008008f88       0x10 ./Drivers/STM32H7xx_HAL_Driver/Src/stm32h7xx_hal_pwr.o
                0x0000000008008f88                HAL_PWR_DisableBkUpAccess
 .text.HAL_PWREx_ConfigSupply
                0x0000000008008f98       0x48 ./Drivers/STM32H7xx_HAL_Driver/Src/stm32h7xx_hal_pwr_ex.o
                0x0000000008008f98                HAL_PWREx_ConfigSupply
 .text.HAL_PWREx_EnableUSBVoltageDetector
                0x0000000008008fe0       0x10 ./Drivers/STM32H7xx_HAL_Driver/Src/stm32h7xx_hal_pwr_ex.o
                0x0000000008008fe0                HAL_PWREx_EnableUSBVoltageDetector
 .text.QSPI_Config
                0x0000000008008ff0      0x174 ./Drivers/STM32H7xx_HAL_Driver/Src/stm32h7xx_hal_qspi.o
 .text.QSPI_WaitFlagStateUntilTimeout
                0x0000000008009164       0x4e ./Drivers/STM32H7xx_HAL_Driver/Src/stm32h7xx_hal_qspi.o
 *fill*         0x00000000080091b2        0x2 
 .text.HAL_QSPI_Init
                0x00000000080091b4       0x9c ./Drivers/STM32H7xx_HAL_Driver/Src/stm32h7xx_hal_qspi.o
                0x00000000080091b4                HAL_QSPI_Init
 .text.HAL_QSPI_DeInit
                0x0000000008009250       0x22 ./Drivers/STM32H7xx_HAL_Driver/Src/stm32h7xx_hal_qspi.o
                0x0000000008009250                HAL_QSPI_DeInit
 .text.HAL_QSPI_Command
                0x0000000008009272       0x86 ./Drivers/STM32H7xx_HAL_Driver/Src/stm32h7xx_hal_qspi.o
                0x0000000008009272                HAL_QSPI_Command
 .text.HAL_QSPI_Transmit
                0x00000000080092f8       0xb2 ./Drivers/STM32H7xx_HAL_Driver/Src/stm32h7xx_hal_qspi.o
                0x00000000080092f8                HAL_QSPI_Transmit
 .text.HAL_QSPI_Receive
                0x00000000080093aa       0xbe ./Drivers/STM32H7xx_HAL_Driver/Src/stm32h7xx_hal_qspi.o
                0x00000000080093aa                HAL_QSPI_Receive
 .text.HAL_QSPI_AutoPolling
                0x0000000008009468       0xa0 ./Drivers/STM32H7xx_HAL_Driver/Src/stm32h7xx_hal_qspi.o
                0x0000000008009468                HAL_QSPI_AutoPolling
 .text.HAL_QSPI_MemoryMapped
                0x0000000008009508       0x82 ./Drivers/STM32H7xx_HAL_Driver/Src/stm32h7xx_hal_qspi.o
                0x0000000008009508                HAL_QSPI_MemoryMapped
 .text.HAL_QSPI_ErrorCallback
                0x000000000800958a        0x2 ./Drivers/STM32H7xx_HAL_Driver/Src/stm32h7xx_hal_qspi.o
                0x000000000800958a                HAL_QSPI_ErrorCallback
 .text.QSPI_DMAAbortCplt
                0x000000000800958c       0x36 ./Drivers/STM32H7xx_HAL_Driver/Src/stm32h7xx_hal_qspi.o
 .text.HAL_QSPI_AbortCpltCallback
                0x00000000080095c2        0x2 ./Drivers/STM32H7xx_HAL_Driver/Src/stm32h7xx_hal_qspi.o
                0x00000000080095c2                HAL_QSPI_AbortCpltCallback
 .text.HAL_QSPI_CmdCpltCallback
                0x00000000080095c4        0x2 ./Drivers/STM32H7xx_HAL_Driver/Src/stm32h7xx_hal_qspi.o
                0x00000000080095c4                HAL_QSPI_CmdCpltCallback
 .text.HAL_QSPI_RxCpltCallback
                0x00000000080095c6        0x2 ./Drivers/STM32H7xx_HAL_Driver/Src/stm32h7xx_hal_qspi.o
                0x00000000080095c6                HAL_QSPI_RxCpltCallback
 .text.HAL_QSPI_TxCpltCallback
                0x00000000080095c8        0x2 ./Drivers/STM32H7xx_HAL_Driver/Src/stm32h7xx_hal_qspi.o
                0x00000000080095c8                HAL_QSPI_TxCpltCallback
 .text.HAL_QSPI_FifoThresholdCallback
                0x00000000080095ca        0x2 ./Drivers/STM32H7xx_HAL_Driver/Src/stm32h7xx_hal_qspi.o
                0x00000000080095ca                HAL_QSPI_FifoThresholdCallback
 .text.HAL_QSPI_StatusMatchCallback
                0x00000000080095cc        0x2 ./Drivers/STM32H7xx_HAL_Driver/Src/stm32h7xx_hal_qspi.o
                0x00000000080095cc                HAL_QSPI_StatusMatchCallback
 .text.HAL_QSPI_TimeOutCallback
                0x00000000080095ce        0x2 ./Drivers/STM32H7xx_HAL_Driver/Src/stm32h7xx_hal_qspi.o
                0x00000000080095ce                HAL_QSPI_TimeOutCallback
 .text.HAL_QSPI_IRQHandler
                0x00000000080095d0      0x1e0 ./Drivers/STM32H7xx_HAL_Driver/Src/stm32h7xx_hal_qspi.o
                0x00000000080095d0                HAL_QSPI_IRQHandler
 .text.HAL_RCC_OscConfig
                0x00000000080097b0      0x558 ./Drivers/STM32H7xx_HAL_Driver/Src/stm32h7xx_hal_rcc.o
                0x00000000080097b0                HAL_RCC_OscConfig
 .text.HAL_RCC_GetSysClockFreq
                0x0000000008009d08      0x144 ./Drivers/STM32H7xx_HAL_Driver/Src/stm32h7xx_hal_rcc.o
                0x0000000008009d08                HAL_RCC_GetSysClockFreq
 .text.HAL_RCC_ClockConfig
                0x0000000008009e4c      0x24c ./Drivers/STM32H7xx_HAL_Driver/Src/stm32h7xx_hal_rcc.o
                0x0000000008009e4c                HAL_RCC_ClockConfig
 .text.HAL_RCC_GetHCLKFreq
                0x000000000800a098       0x44 ./Drivers/STM32H7xx_HAL_Driver/Src/stm32h7xx_hal_rcc.o
                0x000000000800a098                HAL_RCC_GetHCLKFreq
 .text.HAL_RCC_GetPCLK1Freq
                0x000000000800a0dc       0x24 ./Drivers/STM32H7xx_HAL_Driver/Src/stm32h7xx_hal_rcc.o
                0x000000000800a0dc                HAL_RCC_GetPCLK1Freq
 .text.HAL_RCC_GetPCLK2Freq
                0x000000000800a100       0x24 ./Drivers/STM32H7xx_HAL_Driver/Src/stm32h7xx_hal_rcc.o
                0x000000000800a100                HAL_RCC_GetPCLK2Freq
 .text.HAL_RCC_GetClockConfig
                0x000000000800a124       0x54 ./Drivers/STM32H7xx_HAL_Driver/Src/stm32h7xx_hal_rcc.o
                0x000000000800a124                HAL_RCC_GetClockConfig
 .text.RCCEx_PLL2_Config
                0x000000000800a178       0xf0 ./Drivers/STM32H7xx_HAL_Driver/Src/stm32h7xx_hal_rcc_ex.o
 .text.RCCEx_PLL3_Config
                0x000000000800a268       0xf0 ./Drivers/STM32H7xx_HAL_Driver/Src/stm32h7xx_hal_rcc_ex.o
 .text.HAL_RCCEx_PeriphCLKConfig
                0x000000000800a358      0xa28 ./Drivers/STM32H7xx_HAL_Driver/Src/stm32h7xx_hal_rcc_ex.o
                0x000000000800a358                HAL_RCCEx_PeriphCLKConfig
 .text.HAL_RCCEx_GetD3PCLK1Freq
                0x000000000800ad80       0x24 ./Drivers/STM32H7xx_HAL_Driver/Src/stm32h7xx_hal_rcc_ex.o
                0x000000000800ad80                HAL_RCCEx_GetD3PCLK1Freq
 .text.HAL_RCCEx_GetPLL2ClockFreq
                0x000000000800ada4      0x154 ./Drivers/STM32H7xx_HAL_Driver/Src/stm32h7xx_hal_rcc_ex.o
                0x000000000800ada4                HAL_RCCEx_GetPLL2ClockFreq
 .text.HAL_RCCEx_GetPLL3ClockFreq
                0x000000000800aef8      0x154 ./Drivers/STM32H7xx_HAL_Driver/Src/stm32h7xx_hal_rcc_ex.o
                0x000000000800aef8                HAL_RCCEx_GetPLL3ClockFreq
 .text.HAL_RCCEx_GetPLL1ClockFreq
                0x000000000800b04c      0x154 ./Drivers/STM32H7xx_HAL_Driver/Src/stm32h7xx_hal_rcc_ex.o
                0x000000000800b04c                HAL_RCCEx_GetPLL1ClockFreq
 .text.HAL_RCCEx_GetPeriphCLKFreq
                0x000000000800b1a0      0x2f8 ./Drivers/STM32H7xx_HAL_Driver/Src/stm32h7xx_hal_rcc_ex.o
                0x000000000800b1a0                HAL_RCCEx_GetPeriphCLKFreq
 .text.HAL_RTC_WaitForSynchro
                0x000000000800b498       0x30 ./Drivers/STM32H7xx_HAL_Driver/Src/stm32h7xx_hal_rtc.o
                0x000000000800b498                HAL_RTC_WaitForSynchro
 .text.RTC_EnterInitMode
                0x000000000800b4c8       0x44 ./Drivers/STM32H7xx_HAL_Driver/Src/stm32h7xx_hal_rtc.o
                0x000000000800b4c8                RTC_EnterInitMode
 .text.RTC_ExitInitMode
                0x000000000800b50c       0x44 ./Drivers/STM32H7xx_HAL_Driver/Src/stm32h7xx_hal_rtc.o
                0x000000000800b50c                RTC_ExitInitMode
 .text.HAL_RTC_Init
                0x000000000800b550       0x98 ./Drivers/STM32H7xx_HAL_Driver/Src/stm32h7xx_hal_rtc.o
                0x000000000800b550                HAL_RTC_Init
 .text.RTC_ByteToBcd2
                0x000000000800b5e8       0x16 ./Drivers/STM32H7xx_HAL_Driver/Src/stm32h7xx_hal_rtc.o
                0x000000000800b5e8                RTC_ByteToBcd2
 .text.HAL_RTC_SetTime
                0x000000000800b5fe       0xc4 ./Drivers/STM32H7xx_HAL_Driver/Src/stm32h7xx_hal_rtc.o
                0x000000000800b5fe                HAL_RTC_SetTime
 .text.HAL_RTC_SetDate
                0x000000000800b6c2       0x9c ./Drivers/STM32H7xx_HAL_Driver/Src/stm32h7xx_hal_rtc.o
                0x000000000800b6c2                HAL_RTC_SetDate
 .text.RTC_Bcd2ToByte
                0x000000000800b75e       0x12 ./Drivers/STM32H7xx_HAL_Driver/Src/stm32h7xx_hal_rtc.o
                0x000000000800b75e                RTC_Bcd2ToByte
 .text.HAL_RTC_GetTime
                0x000000000800b770       0x46 ./Drivers/STM32H7xx_HAL_Driver/Src/stm32h7xx_hal_rtc.o
                0x000000000800b770                HAL_RTC_GetTime
 .text.HAL_RTC_GetDate
                0x000000000800b7b6       0x3a ./Drivers/STM32H7xx_HAL_Driver/Src/stm32h7xx_hal_rtc.o
                0x000000000800b7b6                HAL_RTC_GetDate
 .text.HAL_RTCEx_BKUPWrite
                0x000000000800b7f0        0xa ./Drivers/STM32H7xx_HAL_Driver/Src/stm32h7xx_hal_rtc_ex.o
                0x000000000800b7f0                HAL_RTCEx_BKUPWrite
 .text.HAL_RTCEx_BKUPRead
                0x000000000800b7fa        0xa ./Drivers/STM32H7xx_HAL_Driver/Src/stm32h7xx_hal_rtc_ex.o
                0x000000000800b7fa                HAL_RTCEx_BKUPRead
 .text.TIM_OC1_SetConfig
                0x000000000800b804       0x98 ./Drivers/STM32H7xx_HAL_Driver/Src/stm32h7xx_hal_tim.o
 .text.TIM_OC3_SetConfig
                0x000000000800b89c       0x88 ./Drivers/STM32H7xx_HAL_Driver/Src/stm32h7xx_hal_tim.o
 .text.TIM_OC4_SetConfig
                0x000000000800b924       0x68 ./Drivers/STM32H7xx_HAL_Driver/Src/stm32h7xx_hal_tim.o
 .text.TIM_OC5_SetConfig
                0x000000000800b98c       0x68 ./Drivers/STM32H7xx_HAL_Driver/Src/stm32h7xx_hal_tim.o
 .text.TIM_OC6_SetConfig
                0x000000000800b9f4       0x68 ./Drivers/STM32H7xx_HAL_Driver/Src/stm32h7xx_hal_tim.o
 .text.HAL_TIM_Base_Start_IT
                0x000000000800ba5c       0x7c ./Drivers/STM32H7xx_HAL_Driver/Src/stm32h7xx_hal_tim.o
                0x000000000800ba5c                HAL_TIM_Base_Start_IT
 .text.HAL_TIM_PWM_MspInit
                0x000000000800bad8        0x2 ./Drivers/STM32H7xx_HAL_Driver/Src/stm32h7xx_hal_tim.o
                0x000000000800bad8                HAL_TIM_PWM_MspInit
 .text.HAL_TIM_OC_DelayElapsedCallback
                0x000000000800bada        0x2 ./Drivers/STM32H7xx_HAL_Driver/Src/stm32h7xx_hal_tim.o
                0x000000000800bada                HAL_TIM_OC_DelayElapsedCallback
 .text.HAL_TIM_IC_CaptureCallback
                0x000000000800badc        0x2 ./Drivers/STM32H7xx_HAL_Driver/Src/stm32h7xx_hal_tim.o
                0x000000000800badc                HAL_TIM_IC_CaptureCallback
 .text.HAL_TIM_PWM_PulseFinishedCallback
                0x000000000800bade        0x2 ./Drivers/STM32H7xx_HAL_Driver/Src/stm32h7xx_hal_tim.o
                0x000000000800bade                HAL_TIM_PWM_PulseFinishedCallback
 .text.HAL_TIM_TriggerCallback
                0x000000000800bae0        0x2 ./Drivers/STM32H7xx_HAL_Driver/Src/stm32h7xx_hal_tim.o
                0x000000000800bae0                HAL_TIM_TriggerCallback
 .text.HAL_TIM_IRQHandler
                0x000000000800bae2      0x160 ./Drivers/STM32H7xx_HAL_Driver/Src/stm32h7xx_hal_tim.o
                0x000000000800bae2                HAL_TIM_IRQHandler
 *fill*         0x000000000800bc42        0x2 
 .text.TIM_Base_SetConfig
                0x000000000800bc44       0xcc ./Drivers/STM32H7xx_HAL_Driver/Src/stm32h7xx_hal_tim.o
                0x000000000800bc44                TIM_Base_SetConfig
 .text.HAL_TIM_Base_Init
                0x000000000800bd10       0x60 ./Drivers/STM32H7xx_HAL_Driver/Src/stm32h7xx_hal_tim.o
                0x000000000800bd10                HAL_TIM_Base_Init
 .text.HAL_TIM_PWM_Init
                0x000000000800bd70       0x60 ./Drivers/STM32H7xx_HAL_Driver/Src/stm32h7xx_hal_tim.o
                0x000000000800bd70                HAL_TIM_PWM_Init
 .text.TIM_OC2_SetConfig
                0x000000000800bdd0       0x8c ./Drivers/STM32H7xx_HAL_Driver/Src/stm32h7xx_hal_tim.o
                0x000000000800bdd0                TIM_OC2_SetConfig
 .text.HAL_TIM_PWM_ConfigChannel
                0x000000000800be5c       0xfa ./Drivers/STM32H7xx_HAL_Driver/Src/stm32h7xx_hal_tim.o
                0x000000000800be5c                HAL_TIM_PWM_ConfigChannel
 .text.TIM_ETR_SetConfig
                0x000000000800bf56       0x14 ./Drivers/STM32H7xx_HAL_Driver/Src/stm32h7xx_hal_tim.o
                0x000000000800bf56                TIM_ETR_SetConfig
 *fill*         0x000000000800bf6a        0x2 
 .text.HAL_TIM_ConfigClockSource
                0x000000000800bf6c      0x178 ./Drivers/STM32H7xx_HAL_Driver/Src/stm32h7xx_hal_tim.o
                0x000000000800bf6c                HAL_TIM_ConfigClockSource
 .text.TIM_CCxChannelCmd
                0x000000000800c0e4       0x1c ./Drivers/STM32H7xx_HAL_Driver/Src/stm32h7xx_hal_tim.o
                0x000000000800c0e4                TIM_CCxChannelCmd
 .text.HAL_TIM_OC_Start
                0x000000000800c100      0x128 ./Drivers/STM32H7xx_HAL_Driver/Src/stm32h7xx_hal_tim.o
                0x000000000800c100                HAL_TIM_OC_Start
 .text.HAL_TIM_PWM_Start
                0x000000000800c228        0x4 ./Drivers/STM32H7xx_HAL_Driver/Src/stm32h7xx_hal_tim.o
                0x000000000800c228                HAL_TIM_PWM_Start
 .text.HAL_TIMEx_MasterConfigSynchronization
                0x000000000800c22c       0x98 ./Drivers/STM32H7xx_HAL_Driver/Src/stm32h7xx_hal_tim_ex.o
                0x000000000800c22c                HAL_TIMEx_MasterConfigSynchronization
 .text.HAL_TIMEx_CommutCallback
                0x000000000800c2c4        0x2 ./Drivers/STM32H7xx_HAL_Driver/Src/stm32h7xx_hal_tim_ex.o
                0x000000000800c2c4                HAL_TIMEx_CommutCallback
 .text.HAL_TIMEx_BreakCallback
                0x000000000800c2c6        0x2 ./Drivers/STM32H7xx_HAL_Driver/Src/stm32h7xx_hal_tim_ex.o
                0x000000000800c2c6                HAL_TIMEx_BreakCallback
 .text.HAL_TIMEx_Break2Callback
                0x000000000800c2c8        0x2 ./Drivers/STM32H7xx_HAL_Driver/Src/stm32h7xx_hal_tim_ex.o
                0x000000000800c2c8                HAL_TIMEx_Break2Callback
 .text.UART_EndTxTransfer
                0x000000000800c2ca       0x34 ./Drivers/STM32H7xx_HAL_Driver/Src/stm32h7xx_hal_uart.o
 *fill*         0x000000000800c2fe        0x2 
 .text.UART_EndRxTransfer
                0x000000000800c300       0x58 ./Drivers/STM32H7xx_HAL_Driver/Src/stm32h7xx_hal_uart.o
 .text.UART_TxISR_8BIT.part.0
                0x000000000800c358       0x26 ./Drivers/STM32H7xx_HAL_Driver/Src/stm32h7xx_hal_uart.o
 .text.UART_TxISR_8BIT
                0x000000000800c37e       0x30 ./Drivers/STM32H7xx_HAL_Driver/Src/stm32h7xx_hal_uart.o
 .text.UART_TxISR_16BIT
                0x000000000800c3ae       0x34 ./Drivers/STM32H7xx_HAL_Driver/Src/stm32h7xx_hal_uart.o
 .text.UART_TxISR_8BIT_FIFOEN
                0x000000000800c3e2       0x66 ./Drivers/STM32H7xx_HAL_Driver/Src/stm32h7xx_hal_uart.o
 .text.UART_TxISR_16BIT_FIFOEN
                0x000000000800c448       0x6a ./Drivers/STM32H7xx_HAL_Driver/Src/stm32h7xx_hal_uart.o
 *fill*         0x000000000800c4b2        0x2 
 .text.HAL_UART_Transmit_IT
                0x000000000800c4b4       0xac ./Drivers/STM32H7xx_HAL_Driver/Src/stm32h7xx_hal_uart.o
                0x000000000800c4b4                HAL_UART_Transmit_IT
 .text.HAL_UART_Transmit_DMA
                0x000000000800c560       0x84 ./Drivers/STM32H7xx_HAL_Driver/Src/stm32h7xx_hal_uart.o
                0x000000000800c560                HAL_UART_Transmit_DMA
 .text.HAL_UART_DMAStop
                0x000000000800c5e4       0x9c ./Drivers/STM32H7xx_HAL_Driver/Src/stm32h7xx_hal_uart.o
                0x000000000800c5e4                HAL_UART_DMAStop
 .text.UART_DMATransmitCplt
                0x000000000800c680       0x46 ./Drivers/STM32H7xx_HAL_Driver/Src/stm32h7xx_hal_uart.o
 .text.HAL_UART_TxHalfCpltCallback
                0x000000000800c6c6        0x2 ./Drivers/STM32H7xx_HAL_Driver/Src/stm32h7xx_hal_uart.o
                0x000000000800c6c6                HAL_UART_TxHalfCpltCallback
 .text.UART_DMATxHalfCplt
                0x000000000800c6c8        0xa ./Drivers/STM32H7xx_HAL_Driver/Src/stm32h7xx_hal_uart.o
 .text.HAL_UART_RxHalfCpltCallback
                0x000000000800c6d2        0x2 ./Drivers/STM32H7xx_HAL_Driver/Src/stm32h7xx_hal_uart.o
                0x000000000800c6d2                HAL_UART_RxHalfCpltCallback
 .text.UART_DMAError
                0x000000000800c6d4       0x48 ./Drivers/STM32H7xx_HAL_Driver/Src/stm32h7xx_hal_uart.o
 .text.UART_DMAAbortOnError
                0x000000000800c71c       0x14 ./Drivers/STM32H7xx_HAL_Driver/Src/stm32h7xx_hal_uart.o
 .text.HAL_UART_AbortReceiveCpltCallback
                0x000000000800c730        0x2 ./Drivers/STM32H7xx_HAL_Driver/Src/stm32h7xx_hal_uart.o
                0x000000000800c730                HAL_UART_AbortReceiveCpltCallback
 *fill*         0x000000000800c732        0x2 
 .text.HAL_UART_AbortReceive_IT
                0x000000000800c734       0xc0 ./Drivers/STM32H7xx_HAL_Driver/Src/stm32h7xx_hal_uart.o
                0x000000000800c734                HAL_UART_AbortReceive_IT
 .text.UART_DMARxOnlyAbortCallback
                0x000000000800c7f4       0x26 ./Drivers/STM32H7xx_HAL_Driver/Src/stm32h7xx_hal_uart.o
 *fill*         0x000000000800c81a        0x2 
 .text.HAL_UART_IRQHandler
                0x000000000800c81c      0x348 ./Drivers/STM32H7xx_HAL_Driver/Src/stm32h7xx_hal_uart.o
                0x000000000800c81c                HAL_UART_IRQHandler
 .text.UART_RxISR_8BIT
                0x000000000800cb64       0xcc ./Drivers/STM32H7xx_HAL_Driver/Src/stm32h7xx_hal_uart.o
 .text.UART_RxISR_16BIT
                0x000000000800cc30       0xc4 ./Drivers/STM32H7xx_HAL_Driver/Src/stm32h7xx_hal_uart.o
 .text.UART_RxISR_8BIT_FIFOEN
                0x000000000800ccf4      0x19c ./Drivers/STM32H7xx_HAL_Driver/Src/stm32h7xx_hal_uart.o
 .text.UART_RxISR_16BIT_FIFOEN
                0x000000000800ce90      0x198 ./Drivers/STM32H7xx_HAL_Driver/Src/stm32h7xx_hal_uart.o
 .text.UART_DMARxHalfCplt
                0x000000000800d028       0x20 ./Drivers/STM32H7xx_HAL_Driver/Src/stm32h7xx_hal_uart.o
 .text.UART_DMAReceiveCplt
                0x000000000800d048       0x8e ./Drivers/STM32H7xx_HAL_Driver/Src/stm32h7xx_hal_uart.o
 .text.HAL_HalfDuplex_EnableTransmitter
                0x000000000800d0d6       0x4c ./Drivers/STM32H7xx_HAL_Driver/Src/stm32h7xx_hal_uart.o
                0x000000000800d0d6                HAL_HalfDuplex_EnableTransmitter
 .text.HAL_HalfDuplex_EnableReceiver
                0x000000000800d122       0x4c ./Drivers/STM32H7xx_HAL_Driver/Src/stm32h7xx_hal_uart.o
                0x000000000800d122                HAL_HalfDuplex_EnableReceiver
 .text.HAL_UART_GetState
                0x000000000800d16e        0xc ./Drivers/STM32H7xx_HAL_Driver/Src/stm32h7xx_hal_uart.o
                0x000000000800d16e                HAL_UART_GetState
 *fill*         0x000000000800d17a        0x2 
 .text.UART_SetConfig
                0x000000000800d17c      0x38c ./Drivers/STM32H7xx_HAL_Driver/Src/stm32h7xx_hal_uart.o
                0x000000000800d17c                UART_SetConfig
 .text.UART_AdvFeatureConfig
                0x000000000800d508       0xaa ./Drivers/STM32H7xx_HAL_Driver/Src/stm32h7xx_hal_uart.o
                0x000000000800d508                UART_AdvFeatureConfig
 .text.UART_WaitOnFlagUntilTimeout
                0x000000000800d5b2       0x88 ./Drivers/STM32H7xx_HAL_Driver/Src/stm32h7xx_hal_uart.o
                0x000000000800d5b2                UART_WaitOnFlagUntilTimeout
 .text.HAL_UART_Transmit
                0x000000000800d63a       0xac ./Drivers/STM32H7xx_HAL_Driver/Src/stm32h7xx_hal_uart.o
                0x000000000800d63a                HAL_UART_Transmit
 .text.UART_CheckIdleState
                0x000000000800d6e6       0xb8 ./Drivers/STM32H7xx_HAL_Driver/Src/stm32h7xx_hal_uart.o
                0x000000000800d6e6                UART_CheckIdleState
 .text.HAL_UART_Init
                0x000000000800d79e       0x60 ./Drivers/STM32H7xx_HAL_Driver/Src/stm32h7xx_hal_uart.o
                0x000000000800d79e                HAL_UART_Init
 *fill*         0x000000000800d7fe        0x2 
 .text.UART_Start_Receive_IT
                0x000000000800d800      0x110 ./Drivers/STM32H7xx_HAL_Driver/Src/stm32h7xx_hal_uart.o
                0x000000000800d800                UART_Start_Receive_IT
 .text.HAL_UART_Receive_IT
                0x000000000800d910       0x44 ./Drivers/STM32H7xx_HAL_Driver/Src/stm32h7xx_hal_uart.o
                0x000000000800d910                HAL_UART_Receive_IT
 .text.UART_Start_Receive_DMA
                0x000000000800d954       0xa0 ./Drivers/STM32H7xx_HAL_Driver/Src/stm32h7xx_hal_uart.o
                0x000000000800d954                UART_Start_Receive_DMA
 .text.UARTEx_SetNbDataToProcess
                0x000000000800d9f4       0x44 ./Drivers/STM32H7xx_HAL_Driver/Src/stm32h7xx_hal_uart_ex.o
 .text.HAL_RS485Ex_Init
                0x000000000800da38       0x7e ./Drivers/STM32H7xx_HAL_Driver/Src/stm32h7xx_hal_uart_ex.o
                0x000000000800da38                HAL_RS485Ex_Init
 .text.HAL_UARTEx_WakeupCallback
                0x000000000800dab6        0x2 ./Drivers/STM32H7xx_HAL_Driver/Src/stm32h7xx_hal_uart_ex.o
                0x000000000800dab6                HAL_UARTEx_WakeupCallback
 .text.HAL_UARTEx_RxFifoFullCallback
                0x000000000800dab8        0x2 ./Drivers/STM32H7xx_HAL_Driver/Src/stm32h7xx_hal_uart_ex.o
                0x000000000800dab8                HAL_UARTEx_RxFifoFullCallback
 .text.HAL_UARTEx_TxFifoEmptyCallback
                0x000000000800daba        0x2 ./Drivers/STM32H7xx_HAL_Driver/Src/stm32h7xx_hal_uart_ex.o
                0x000000000800daba                HAL_UARTEx_TxFifoEmptyCallback
 .text.HAL_UARTEx_DisableFifoMode
                0x000000000800dabc       0x36 ./Drivers/STM32H7xx_HAL_Driver/Src/stm32h7xx_hal_uart_ex.o
                0x000000000800dabc                HAL_UARTEx_DisableFifoMode
 .text.HAL_UARTEx_SetTxFifoThreshold
                0x000000000800daf2       0x40 ./Drivers/STM32H7xx_HAL_Driver/Src/stm32h7xx_hal_uart_ex.o
                0x000000000800daf2                HAL_UARTEx_SetTxFifoThreshold
 .text.HAL_UARTEx_SetRxFifoThreshold
                0x000000000800db32       0x40 ./Drivers/STM32H7xx_HAL_Driver/Src/stm32h7xx_hal_uart_ex.o
                0x000000000800db32                HAL_UARTEx_SetRxFifoThreshold
 .text.HAL_UARTEx_ReceiveToIdle_DMA
                0x000000000800db72       0x4a ./Drivers/STM32H7xx_HAL_Driver/Src/stm32h7xx_hal_uart_ex.o
                0x000000000800db72                HAL_UARTEx_ReceiveToIdle_DMA
 .text.USB_CoreReset
                0x000000000800dbbc       0x4c ./Drivers/STM32H7xx_HAL_Driver/Src/stm32h7xx_ll_usb.o
 .text.USB_CoreInit
                0x000000000800dc08       0x94 ./Drivers/STM32H7xx_HAL_Driver/Src/stm32h7xx_ll_usb.o
                0x000000000800dc08                USB_CoreInit
 .text.USB_DisableGlobalInt
                0x000000000800dc9c        0xc ./Drivers/STM32H7xx_HAL_Driver/Src/stm32h7xx_ll_usb.o
                0x000000000800dc9c                USB_DisableGlobalInt
 .text.USB_SetCurrentMode
                0x000000000800dca8       0x5c ./Drivers/STM32H7xx_HAL_Driver/Src/stm32h7xx_ll_usb.o
                0x000000000800dca8                USB_SetCurrentMode
 .text.USB_FlushTxFifo
                0x000000000800dd04       0x4c ./Drivers/STM32H7xx_HAL_Driver/Src/stm32h7xx_ll_usb.o
                0x000000000800dd04                USB_FlushTxFifo
 .text.USB_FlushRxFifo
                0x000000000800dd50       0x48 ./Drivers/STM32H7xx_HAL_Driver/Src/stm32h7xx_ll_usb.o
                0x000000000800dd50                USB_FlushRxFifo
 .text.USB_HostInit
                0x000000000800dd98       0xcc ./Drivers/STM32H7xx_HAL_Driver/Src/stm32h7xx_ll_usb.o
                0x000000000800dd98                USB_HostInit
 .text.SysTick_Handler
                0x000000000800de64       0x1a ./Middlewares/Third_Party/FreeRTOS/Source/CMSIS_RTOS_V2/cmsis_os2.o
                0x000000000800de64                SysTick_Handler
 *fill*         0x000000000800de7e        0x2 
 .text.osKernelInitialize
                0x000000000800de80       0x24 ./Middlewares/Third_Party/FreeRTOS/Source/CMSIS_RTOS_V2/cmsis_os2.o
                0x000000000800de80                osKernelInitialize
 .text.osKernelStart
                0x000000000800dea4       0x34 ./Middlewares/Third_Party/FreeRTOS/Source/CMSIS_RTOS_V2/cmsis_os2.o
                0x000000000800dea4                osKernelStart
 .text.osThreadNew
                0x000000000800ded8       0x8e ./Middlewares/Third_Party/FreeRTOS/Source/CMSIS_RTOS_V2/cmsis_os2.o
                0x000000000800ded8                osThreadNew
 .text.osThreadGetId
                0x000000000800df66        0x4 ./Middlewares/Third_Party/FreeRTOS/Source/CMSIS_RTOS_V2/cmsis_os2.o
                0x000000000800df66                osThreadGetId
 .text.osDelay  0x000000000800df6a       0x18 ./Middlewares/Third_Party/FreeRTOS/Source/CMSIS_RTOS_V2/cmsis_os2.o
                0x000000000800df6a                osDelay
 .text.osSemaphoreNew
                0x000000000800df82       0x94 ./Middlewares/Third_Party/FreeRTOS/Source/CMSIS_RTOS_V2/cmsis_os2.o
                0x000000000800df82                osSemaphoreNew
 .text.osMessageQueueNew
                0x000000000800e016       0x76 ./Middlewares/Third_Party/FreeRTOS/Source/CMSIS_RTOS_V2/cmsis_os2.o
                0x000000000800e016                osMessageQueueNew
 .text.vApplicationGetIdleTaskMemory
                0x000000000800e08c       0x18 ./Middlewares/Third_Party/FreeRTOS/Source/CMSIS_RTOS_V2/cmsis_os2.o
                0x000000000800e08c                vApplicationGetIdleTaskMemory
 .text.vApplicationGetTimerTaskMemory
                0x000000000800e0a4       0x18 ./Middlewares/Third_Party/FreeRTOS/Source/CMSIS_RTOS_V2/cmsis_os2.o
                0x000000000800e0a4                vApplicationGetTimerTaskMemory
 .text.vListInitialise
                0x000000000800e0bc       0x16 ./Middlewares/Third_Party/FreeRTOS/Source/list.o
                0x000000000800e0bc                vListInitialise
 .text.vListInitialiseItem
                0x000000000800e0d2        0x6 ./Middlewares/Third_Party/FreeRTOS/Source/list.o
                0x000000000800e0d2                vListInitialiseItem
 .text.vListInsertEnd
                0x000000000800e0d8       0x18 ./Middlewares/Third_Party/FreeRTOS/Source/list.o
                0x000000000800e0d8                vListInsertEnd
 .text.vListInsert
                0x000000000800e0f0       0x2e ./Middlewares/Third_Party/FreeRTOS/Source/list.o
                0x000000000800e0f0                vListInsert
 .text.uxListRemove
                0x000000000800e11e       0x20 ./Middlewares/Third_Party/FreeRTOS/Source/list.o
                0x000000000800e11e                uxListRemove
 .text.prvIsQueueEmpty
                0x000000000800e13e       0x16 ./Middlewares/Third_Party/FreeRTOS/Source/queue.o
 .text.prvCopyDataToQueue
                0x000000000800e154       0x6a ./Middlewares/Third_Party/FreeRTOS/Source/queue.o
 .text.prvCopyDataFromQueue
                0x000000000800e1be       0x2a ./Middlewares/Third_Party/FreeRTOS/Source/queue.o
 .text.prvUnlockQueue
                0x000000000800e1e8       0x70 ./Middlewares/Third_Party/FreeRTOS/Source/queue.o
 .text.xQueueGenericReset
                0x000000000800e258       0x7e ./Middlewares/Third_Party/FreeRTOS/Source/queue.o
                0x000000000800e258                xQueueGenericReset
 .text.xQueueGenericCreateStatic
                0x000000000800e2d6       0x9c ./Middlewares/Third_Party/FreeRTOS/Source/queue.o
                0x000000000800e2d6                xQueueGenericCreateStatic
 .text.xQueueGenericCreate
                0x000000000800e372       0x4e ./Middlewares/Third_Party/FreeRTOS/Source/queue.o
                0x000000000800e372                xQueueGenericCreate
 .text.xQueueCreateCountingSemaphoreStatic
                0x000000000800e3c0       0x44 ./Middlewares/Third_Party/FreeRTOS/Source/queue.o
                0x000000000800e3c0                xQueueCreateCountingSemaphoreStatic
 .text.xQueueCreateCountingSemaphore
                0x000000000800e404       0x3c ./Middlewares/Third_Party/FreeRTOS/Source/queue.o
                0x000000000800e404                xQueueCreateCountingSemaphore
 .text.xQueueGenericSend
                0x000000000800e440      0x166 ./Middlewares/Third_Party/FreeRTOS/Source/queue.o
                0x000000000800e440                xQueueGenericSend
 .text.xQueueGenericSendFromISR
                0x000000000800e5a6       0xc4 ./Middlewares/Third_Party/FreeRTOS/Source/queue.o
                0x000000000800e5a6                xQueueGenericSendFromISR
 .text.xQueueReceive
                0x000000000800e66a      0x13e ./Middlewares/Third_Party/FreeRTOS/Source/queue.o
                0x000000000800e66a                xQueueReceive
 .text.xQueueSemaphoreTake
                0x000000000800e7a8      0x186 ./Middlewares/Third_Party/FreeRTOS/Source/queue.o
                0x000000000800e7a8                xQueueSemaphoreTake
 *fill*         0x000000000800e92e        0x2 
 .text.vQueueAddToRegistry
                0x000000000800e930       0x24 ./Middlewares/Third_Party/FreeRTOS/Source/queue.o
                0x000000000800e930                vQueueAddToRegistry
 .text.vQueueUnregisterQueue
                0x000000000800e954       0x28 ./Middlewares/Third_Party/FreeRTOS/Source/queue.o
                0x000000000800e954                vQueueUnregisterQueue
 .text.vQueueDelete
                0x000000000800e97c       0x2e ./Middlewares/Third_Party/FreeRTOS/Source/queue.o
                0x000000000800e97c                vQueueDelete
 .text.vQueueWaitForMessageRestricted
                0x000000000800e9aa       0x46 ./Middlewares/Third_Party/FreeRTOS/Source/queue.o
                0x000000000800e9aa                vQueueWaitForMessageRestricted
 .text.prvAddNewTaskToReadyList
                0x000000000800e9f0       0xfc ./Middlewares/Third_Party/FreeRTOS/Source/tasks.o
 .text.prvAddCurrentTaskToDelayedList
                0x000000000800eaec       0x70 ./Middlewares/Third_Party/FreeRTOS/Source/tasks.o
 .text.prvResetNextTaskUnblockTime
                0x000000000800eb5c       0x24 ./Middlewares/Third_Party/FreeRTOS/Source/tasks.o
 .text.prvDeleteTCB
                0x000000000800eb80       0x3c ./Middlewares/Third_Party/FreeRTOS/Source/tasks.o
 .text.prvIdleTask
                0x000000000800ebbc       0x60 ./Middlewares/Third_Party/FreeRTOS/Source/tasks.o
 .text.prvInitialiseNewTask.constprop.0
                0x000000000800ec1c       0xc0 ./Middlewares/Third_Party/FreeRTOS/Source/tasks.o
 .text.xTaskCreateStatic
                0x000000000800ecdc       0x70 ./Middlewares/Third_Party/FreeRTOS/Source/tasks.o
                0x000000000800ecdc                xTaskCreateStatic
 .text.xTaskCreate
                0x000000000800ed4c       0x5a ./Middlewares/Third_Party/FreeRTOS/Source/tasks.o
                0x000000000800ed4c                xTaskCreate
 *fill*         0x000000000800eda6        0x2 
 .text.vTaskStartScheduler
                0x000000000800eda8       0xa0 ./Middlewares/Third_Party/FreeRTOS/Source/tasks.o
                0x000000000800eda8                vTaskStartScheduler
 .text.vTaskSuspendAll
                0x000000000800ee48       0x10 ./Middlewares/Third_Party/FreeRTOS/Source/tasks.o
                0x000000000800ee48                vTaskSuspendAll
 .text.xTaskGetTickCount
                0x000000000800ee58        0xc ./Middlewares/Third_Party/FreeRTOS/Source/tasks.o
                0x000000000800ee58                xTaskGetTickCount
 .text.xTaskGetTickCountFromISR
                0x000000000800ee64       0x10 ./Middlewares/Third_Party/FreeRTOS/Source/tasks.o
                0x000000000800ee64                xTaskGetTickCountFromISR
 .text.xTaskIncrementTick
                0x000000000800ee74      0x12c ./Middlewares/Third_Party/FreeRTOS/Source/tasks.o
                0x000000000800ee74                xTaskIncrementTick
 .text.xTaskResumeAll
                0x000000000800efa0       0xe8 ./Middlewares/Third_Party/FreeRTOS/Source/tasks.o
                0x000000000800efa0                xTaskResumeAll
 .text.vTaskDelay
                0x000000000800f088       0x48 ./Middlewares/Third_Party/FreeRTOS/Source/tasks.o
                0x000000000800f088                vTaskDelay
 .text.vTaskSwitchContext
                0x000000000800f0d0       0x98 ./Middlewares/Third_Party/FreeRTOS/Source/tasks.o
                0x000000000800f0d0                vTaskSwitchContext
 .text.vTaskPlaceOnEventList
                0x000000000800f168       0x34 ./Middlewares/Third_Party/FreeRTOS/Source/tasks.o
                0x000000000800f168                vTaskPlaceOnEventList
 .text.vTaskPlaceOnEventListRestricted
                0x000000000800f19c       0x3c ./Middlewares/Third_Party/FreeRTOS/Source/tasks.o
                0x000000000800f19c                vTaskPlaceOnEventListRestricted
 .text.xTaskRemoveFromEventList
                0x000000000800f1d8       0x88 ./Middlewares/Third_Party/FreeRTOS/Source/tasks.o
                0x000000000800f1d8                xTaskRemoveFromEventList
 .text.vTaskInternalSetTimeOutState
                0x000000000800f260       0x18 ./Middlewares/Third_Party/FreeRTOS/Source/tasks.o
                0x000000000800f260                vTaskInternalSetTimeOutState
 .text.xTaskCheckForTimeOut
                0x000000000800f278       0x78 ./Middlewares/Third_Party/FreeRTOS/Source/tasks.o
                0x000000000800f278                xTaskCheckForTimeOut
 .text.vTaskMissedYield
                0x000000000800f2f0        0xc ./Middlewares/Third_Party/FreeRTOS/Source/tasks.o
                0x000000000800f2f0                vTaskMissedYield
 .text.xTaskGetCurrentTaskHandle
                0x000000000800f2fc        0xc ./Middlewares/Third_Party/FreeRTOS/Source/tasks.o
                0x000000000800f2fc                xTaskGetCurrentTaskHandle
 .text.xTaskGetSchedulerState
                0x000000000800f308       0x20 ./Middlewares/Third_Party/FreeRTOS/Source/tasks.o
                0x000000000800f308                xTaskGetSchedulerState
 .text.xTaskPriorityInherit
                0x000000000800f328       0x80 ./Middlewares/Third_Party/FreeRTOS/Source/tasks.o
                0x000000000800f328                xTaskPriorityInherit
 .text.xTaskPriorityDisinherit
                0x000000000800f3a8       0x88 ./Middlewares/Third_Party/FreeRTOS/Source/tasks.o
                0x000000000800f3a8                xTaskPriorityDisinherit
 .text.vTaskPriorityDisinheritAfterTimeout
                0x000000000800f430       0xa4 ./Middlewares/Third_Party/FreeRTOS/Source/tasks.o
                0x000000000800f430                vTaskPriorityDisinheritAfterTimeout
 .text.pvTaskIncrementMutexHeldCount
                0x000000000800f4d4       0x18 ./Middlewares/Third_Party/FreeRTOS/Source/tasks.o
                0x000000000800f4d4                pvTaskIncrementMutexHeldCount
 .text.ulTaskNotifyTake
                0x000000000800f4ec       0x6c ./Middlewares/Third_Party/FreeRTOS/Source/tasks.o
                0x000000000800f4ec                ulTaskNotifyTake
 .text.xTaskGenericNotify
                0x000000000800f558       0xf8 ./Middlewares/Third_Party/FreeRTOS/Source/tasks.o
                0x000000000800f558                xTaskGenericNotify
 .text.xTaskGenericNotifyFromISR
                0x000000000800f650      0x128 ./Middlewares/Third_Party/FreeRTOS/Source/tasks.o
                0x000000000800f650                xTaskGenericNotifyFromISR
 .text.prvCheckForValidListAndQueue
                0x000000000800f778       0x68 ./Middlewares/Third_Party/FreeRTOS/Source/timers.o
 .text.prvInsertTimerInActiveList
                0x000000000800f7e0       0x3c ./Middlewares/Third_Party/FreeRTOS/Source/timers.o
 .text.prvInitialiseNewTimer
                0x000000000800f81c       0x4c ./Middlewares/Third_Party/FreeRTOS/Source/timers.o
 .text.xTimerCreateTimerTask
                0x000000000800f868       0x64 ./Middlewares/Third_Party/FreeRTOS/Source/timers.o
                0x000000000800f868                xTimerCreateTimerTask
 .text.xTimerCreate
                0x000000000800f8cc       0x34 ./Middlewares/Third_Party/FreeRTOS/Source/timers.o
                0x000000000800f8cc                xTimerCreate
 .text.xTimerGenericCommand
                0x000000000800f900       0x54 ./Middlewares/Third_Party/FreeRTOS/Source/timers.o
                0x000000000800f900                xTimerGenericCommand
 .text.prvSampleTimeNow
                0x000000000800f954       0xac ./Middlewares/Third_Party/FreeRTOS/Source/timers.o
 .text.prvTimerTask
                0x000000000800fa00      0x1cc ./Middlewares/Third_Party/FreeRTOS/Source/timers.o
 .text.prvPortStartFirstTask
                0x000000000800fbcc       0x28 ./Middlewares/Third_Party/FreeRTOS/Source/portable/GCC/ARM_CM4F/port.o
 .text.vPortEnableVFP
                0x000000000800fbf4       0x14 ./Middlewares/Third_Party/FreeRTOS/Source/portable/GCC/ARM_CM4F/port.o
 .text.prvTaskExitError
                0x000000000800fc08       0x40 ./Middlewares/Third_Party/FreeRTOS/Source/portable/GCC/ARM_CM4F/port.o
 .text.pxPortInitialiseStack
                0x000000000800fc48       0x24 ./Middlewares/Third_Party/FreeRTOS/Source/portable/GCC/ARM_CM4F/port.o
                0x000000000800fc48                pxPortInitialiseStack
 *fill*         0x000000000800fc6c        0x4 
 .text.SVC_Handler
                0x000000000800fc70       0x24 ./Middlewares/Third_Party/FreeRTOS/Source/portable/GCC/ARM_CM4F/port.o
                0x000000000800fc70                SVC_Handler
 .text.vPortEnterCritical
                0x000000000800fc94       0x40 ./Middlewares/Third_Party/FreeRTOS/Source/portable/GCC/ARM_CM4F/port.o
                0x000000000800fc94                vPortEnterCritical
 .text.vPortExitCritical
                0x000000000800fcd4       0x28 ./Middlewares/Third_Party/FreeRTOS/Source/portable/GCC/ARM_CM4F/port.o
                0x000000000800fcd4                vPortExitCritical
 *fill*         0x000000000800fcfc        0x4 
 .text.PendSV_Handler
                0x000000000800fd00       0x64 ./Middlewares/Third_Party/FreeRTOS/Source/portable/GCC/ARM_CM4F/port.o
                0x000000000800fd00                PendSV_Handler
 .text.xPortSysTickHandler
                0x000000000800fd64       0x2c ./Middlewares/Third_Party/FreeRTOS/Source/portable/GCC/ARM_CM4F/port.o
                0x000000000800fd64                xPortSysTickHandler
 .text.vPortSetupTimerInterrupt
                0x000000000800fd90       0x24 ./Middlewares/Third_Party/FreeRTOS/Source/portable/GCC/ARM_CM4F/port.o
                0x000000000800fd90                vPortSetupTimerInterrupt
 .text.xPortStartScheduler
                0x000000000800fdb4      0x10c ./Middlewares/Third_Party/FreeRTOS/Source/portable/GCC/ARM_CM4F/port.o
                0x000000000800fdb4                xPortStartScheduler
 .text.vPortValidateInterruptPriority
                0x000000000800fec0       0x5c ./Middlewares/Third_Party/FreeRTOS/Source/portable/GCC/ARM_CM4F/port.o
                0x000000000800fec0                vPortValidateInterruptPriority
 .text.prvInsertBlockIntoFreeList
                0x000000000800ff1c       0x4c ./Middlewares/Third_Party/FreeRTOS/Source/portable/MemMang/heap_4.o
 .text.pvPortMalloc
                0x000000000800ff68      0x130 ./Middlewares/Third_Party/FreeRTOS/Source/portable/MemMang/heap_4.o
                0x000000000800ff68                pvPortMalloc
 .text.vPortFree
                0x0000000008010098       0x7c ./Middlewares/Third_Party/FreeRTOS/Source/portable/MemMang/heap_4.o
                0x0000000008010098                vPortFree
 .text.atof     0x0000000008010114        0x6 C:/ST/STM32CubeIDE_1.13.2/STM32CubeIDE/plugins/com.st.stm32cube.ide.mcu.externaltools.gnu-tools-for-stm32.11.3.rel1.win32_1.1.1.202309131626/tools/bin/../lib/gcc/arm-none-eabi/11.3.1/../../../../arm-none-eabi/lib/thumb/v7e-m+dp/hard\libc_nano.a(libc_a-atof.o)
                0x0000000008010114                atof
 .text.atoi     0x000000000801011a        0x8 C:/ST/STM32CubeIDE_1.13.2/STM32CubeIDE/plugins/com.st.stm32cube.ide.mcu.externaltools.gnu-tools-for-stm32.11.3.rel1.win32_1.1.1.202309131626/tools/bin/../lib/gcc/arm-none-eabi/11.3.1/../../../../arm-none-eabi/lib/thumb/v7e-m+dp/hard\libc_nano.a(libc_a-atoi.o)
                0x000000000801011a                atoi
 .text.sulp     0x0000000008010122       0x34 C:/ST/STM32CubeIDE_1.13.2/STM32CubeIDE/plugins/com.st.stm32cube.ide.mcu.externaltools.gnu-tools-for-stm32.11.3.rel1.win32_1.1.1.202309131626/tools/bin/../lib/gcc/arm-none-eabi/11.3.1/../../../../arm-none-eabi/lib/thumb/v7e-m+dp/hard\libc_nano.a(libc_a-strtod.o)
 *fill*         0x0000000008010156        0x2 
 .text._strtod_l
                0x0000000008010158      0xb64 C:/ST/STM32CubeIDE_1.13.2/STM32CubeIDE/plugins/com.st.stm32cube.ide.mcu.externaltools.gnu-tools-for-stm32.11.3.rel1.win32_1.1.1.202309131626/tools/bin/../lib/gcc/arm-none-eabi/11.3.1/../../../../arm-none-eabi/lib/thumb/v7e-m+dp/hard\libc_nano.a(libc_a-strtod.o)
                0x0000000008010158                _strtod_l
 .text.strtod   0x0000000008010cbc       0x18 C:/ST/STM32CubeIDE_1.13.2/STM32CubeIDE/plugins/com.st.stm32cube.ide.mcu.externaltools.gnu-tools-for-stm32.11.3.rel1.win32_1.1.1.202309131626/tools/bin/../lib/gcc/arm-none-eabi/11.3.1/../../../../arm-none-eabi/lib/thumb/v7e-m+dp/hard\libc_nano.a(libc_a-strtod.o)
                0x0000000008010cbc                strtod
 .text._strtol_l.constprop.0
                0x0000000008010cd4      0x104 C:/ST/STM32CubeIDE_1.13.2/STM32CubeIDE/plugins/com.st.stm32cube.ide.mcu.externaltools.gnu-tools-for-stm32.11.3.rel1.win32_1.1.1.202309131626/tools/bin/../lib/gcc/arm-none-eabi/11.3.1/../../../../arm-none-eabi/lib/thumb/v7e-m+dp/hard\libc_nano.a(libc_a-strtol.o)
 .text._strtol_r
                0x0000000008010dd8        0x4 C:/ST/STM32CubeIDE_1.13.2/STM32CubeIDE/plugins/com.st.stm32cube.ide.mcu.externaltools.gnu-tools-for-stm32.11.3.rel1.win32_1.1.1.202309131626/tools/bin/../lib/gcc/arm-none-eabi/11.3.1/../../../../arm-none-eabi/lib/thumb/v7e-m+dp/hard\libc_nano.a(libc_a-strtol.o)
                0x0000000008010dd8                _strtol_r
 .text.strtol   0x0000000008010ddc       0x14 C:/ST/STM32CubeIDE_1.13.2/STM32CubeIDE/plugins/com.st.stm32cube.ide.mcu.externaltools.gnu-tools-for-stm32.11.3.rel1.win32_1.1.1.202309131626/tools/bin/../lib/gcc/arm-none-eabi/11.3.1/../../../../arm-none-eabi/lib/thumb/v7e-m+dp/hard\libc_nano.a(libc_a-strtol.o)
                0x0000000008010ddc                strtol
 .text.std      0x0000000008010df0       0x6c C:/ST/STM32CubeIDE_1.13.2/STM32CubeIDE/plugins/com.st.stm32cube.ide.mcu.externaltools.gnu-tools-for-stm32.11.3.rel1.win32_1.1.1.202309131626/tools/bin/../lib/gcc/arm-none-eabi/11.3.1/../../../../arm-none-eabi/lib/thumb/v7e-m+dp/hard\libc_nano.a(libc_a-findfp.o)
 .text.stdio_exit_handler
                0x0000000008010e5c       0x18 C:/ST/STM32CubeIDE_1.13.2/STM32CubeIDE/plugins/com.st.stm32cube.ide.mcu.externaltools.gnu-tools-for-stm32.11.3.rel1.win32_1.1.1.202309131626/tools/bin/../lib/gcc/arm-none-eabi/11.3.1/../../../../arm-none-eabi/lib/thumb/v7e-m+dp/hard\libc_nano.a(libc_a-findfp.o)
 .text.cleanup_stdio