../Core/Src/syscalls.c:36:6:Custome_ITM_SendChar_ch0	0	static
../Core/Src/syscalls.c:59:6:initialise_monitor_handles	0	static
../Core/Src/syscalls.c:63:5:_getpid	0	static
../Core/Src/syscalls.c:68:5:_kill	8	static
../Core/Src/syscalls.c:76:6:_exit	8	static
../Core/Src/syscalls.c:82:27:_read	16	static
../Core/Src/syscalls.c:95:27:_write	16	static
../Core/Src/syscalls.c:107:5:_close	0	static
../Core/Src/syscalls.c:114:5:_fstat	0	static
../Core/Src/syscalls.c:121:5:_isatty	0	static
../Core/Src/syscalls.c:127:5:_lseek	0	static
../Core/Src/syscalls.c:135:5:_open	0	static
../Core/Src/syscalls.c:143:5:_wait	8	static
../Core/Src/syscalls.c:150:5:_unlink	8	static
../Core/Src/syscalls.c:157:5:_times	0	static
../Core/Src/syscalls.c:163:5:_stat	0	static
../Core/Src/syscalls.c:170:5:_link	8	static
../Core/Src/syscalls.c:178:5:_fork	8	static
../Core/Src/syscalls.c:184:5:_execve	8	static
