../Core/Src/Modbus.c:448:6:vTimerCallbackT35	32	static
../Core/Src/Modbus.c:467:6:vTimerCallbackTimeout	24	static
../Core/Src/Modbus.c:123:6:RingAdd	0	static
../Core/Src/Modbus.c:148:9:RingGetNBytes	8	static
../Core/Src/Modbus.c:142:9:RingGetAllBytes	0	static
../Core/Src/Modbus.c:1288:9:getRxBuffer	16	static
../Core/Src/Modbus.c:166:9:RingCountBytes	0	static
../Core/Src/Modbus.c:171:6:RingClear	0	static
../Core/Src/Modbus.c:204:6:ModbusInit	24	static
../Core/Src/Modbus.c:322:6:ModbusStart	8	static
../Core/Src/Modbus.c:771:6:ModbusQuery	16	static
../Core/Src/Modbus.c:786:6:ModbusQueryInject	16	static
../Core/Src/Modbus.c:1452:10:calcCRC	12	static
../Core/Src/Modbus.c:1511:13:sendTxBuffer	24	static
../Core/Src/Modbus.c:631:6:StartTaskModbusSlave	112	static
../Core/Src/Modbus.c:1039:6:StartTaskModbusMaster	72	static
../Core/Src/Modbus.c:1908:6:ModbusMasterHandler2Init	8	static
../Core/Src/Modbus.c:1927:6:ModbusRequest	24	static
