../Core/Src/s25fl256s.c:58:9:S25FL256S_GetFlashInfo	0	static
../Core/Src/s25fl256s.c:76:9:S25FL256S_WriteEnable	88	static
../Core/Src/s25fl256s.c:122:9:S25FL256S_WriteDisable	64	static
../Core/Src/s25fl256s.c:158:9:S25FL256S_PageProgram	72	static
../Core/Src/s25fl256s.c:212:9:S25FL256S_AutoPollingMemReady	88	static
../Core/Src/s25fl256s.c:251:9:S25FL256S_Enter4BytesAddressMode	80	static
../Core/Src/s25fl256s.c:311:9:S25FL256S_Enter4LinesDataMode	88	static
../Core/Src/s25fl256s.c:405:9:S25FL256S_ReadSTR	88	static
../Core/Src/s25fl256s.c:487:9:S25FL256S_BlockErase	64	static
../Core/Src/s25fl256s.c:542:9:S25FL256S_ChipErase	64	static
../Core/Src/s25fl256s.c:575:9:S25FL256S_EnableMemoryMappedModeSTR	72	static
../Core/Src/s25fl256s.c:650:9:S25FL256S_ReadStatusRegister	72	static
../Core/Src/s25fl256s.c:690:9:S25FL256S_ReadConfigRegister	72	static
../Core/Src/s25fl256s.c:724:9:S25FL256S_ResetMemory	64	static
../Core/Src/s25fl256s.c:759:9:S25FL256S_ReadID	72	static
../Core/Src/s25fl256s.c:802:9:S25FL256S_ProgEraseSuspend	64	static
../Core/Src/s25fl256s.c:835:9:S25FL256S_ProgEraseResume	64	static
../Core/Src/s25fl256s.c:867:9:S25FL256S_EnterDeepPowerDown	0	static
../Core/Src/s25fl256s.c:886:9:S25FL256S_ReadSFDP	0	static
