../Core/Src/stm32h7xx_it.c:90:6:NMI_Handler	0	static
../Core/Src/stm32h7xx_it.c:105:6:HardFault_Handler	0	static,ignoring_inline_asm
../Core/Src/stm32h7xx_it.c:120:6:MemManage_Handler	0	static
../Core/Src/stm32h7xx_it.c:135:6:BusFault_Handler	0	static
../Core/Src/stm32h7xx_it.c:150:6:UsageFault_Handler	0	static
../Core/Src/stm32h7xx_it.c:165:6:DebugMon_Handler	0	static
../Core/Src/stm32h7xx_it.c:185:6:DMA1_Stream0_IRQHandler	0	static
../Core/Src/stm32h7xx_it.c:199:6:DMA1_Stream1_IRQHandler	0	static
../Core/Src/stm32h7xx_it.c:213:6:DMA1_Stream2_IRQHandler	0	static
../Core/Src/stm32h7xx_it.c:227:6:DMA1_Stream3_IRQHandler	0	static
../Core/Src/stm32h7xx_it.c:241:6:DMA1_Stream4_IRQHandler	0	static
../Core/Src/stm32h7xx_it.c:255:6:DMA1_Stream5_IRQHandler	0	static
../Core/Src/stm32h7xx_it.c:269:6:ADC_IRQHandler	8	static
../Core/Src/stm32h7xx_it.c:284:6:USART1_IRQHandler	8	static
../Core/Src/stm32h7xx_it.c:306:6:USART3_IRQHandler	0	static
../Core/Src/stm32h7xx_it.c:320:6:FPU_IRQHandler	0	static
../Core/Src/stm32h7xx_it.c:333:6:QUADSPI_IRQHandler	0	static
../Core/Src/stm32h7xx_it.c:347:6:TIM17_IRQHandler	0	static
